Unity already present.

🧪 Running bin/test_emitter...
[DEBUG] Finished loop, count = 2
[emit_gcode] Node type: 16, ptr: 0x634b78a03d50, statement_count: 0
[emit_gcode] AST_BLOCK encountered, recursing into children
[emit_gcode] Node type: 1, ptr: 0x634b78a028e0, statement_count: 0
[emit_gcode] Incremented statement_count for AST_LET: 1
[emit_gcode] Node type: 1, ptr: 0x634b78a02cf0, statement_count: 1
[emit_gcode] Incremented statement_count for AST_LET: 2
tests/test_emitter.c:827:test_array_assignment_and_access:PASS
[DEBUG] Finished loop, count = 9
[emit_gcode] Node type: 16, ptr: 0x634b78a04bc0, statement_count: 0
[emit_gcode] AST_BLOCK encountered, recursing into children
[emit_gcode] Node type: 1, ptr: 0x634b78a02cf0, statement_count: 0
[emit_gcode] Incremented statement_count for AST_LET: 1
[emit_gcode] Node type: 1, ptr: 0x634b78a04300, statement_count: 1
[emit_gcode] Incremented statement_count for AST_LET: 2
[emit_gcode] Node type: 6, ptr: 0x634b78a04500, statement_count: 2
[emit_gcode] Incremented statement_count for AST_ASSIGN_INDEX: 3
[emit_gcode] Node type: 6, ptr: 0x634b78a047d0, statement_count: 3
[emit_gcode] Incremented statement_count for AST_ASSIGN_INDEX: 4
[emit_gcode] Node type: 6, ptr: 0x634b78a04aa0, statement_count: 4
[emit_gcode] Incremented statement_count for AST_ASSIGN_INDEX: 5
[emit_gcode] Node type: 6, ptr: 0x634b78a04dc0, statement_count: 5
[emit_gcode] Incremented statement_count for AST_ASSIGN_INDEX: 6
[emit_gcode] Node type: 1, ptr: 0x634b78a05050, statement_count: 6
[emit_gcode] Incremented statement_count for AST_LET: 7
[emit_gcode] Node type: 1, ptr: 0x634b78a051f0, statement_count: 7
[emit_gcode] Incremented statement_count for AST_LET: 8
[emit_gcode] Node type: 6, ptr: 0x634b78a05550, statement_count: 8
[emit_gcode] Incremented statement_count for AST_ASSIGN_INDEX: 9
tests/test_emitter.c:829:test_emit_maze_generator_program:PASS
[DEBUG] Finished loop, count = 3
[emit_gcode] Node type: 16, ptr: 0x634b78a05490, statement_count: 0
[emit_gcode] AST_BLOCK encountered, recursing into children
[emit_gcode] Node type: 1, ptr: 0x634b78a04590, statement_count: 0
[emit_gcode] Incremented statement_count for AST_LET: 1
[emit_gcode] Node type: 7, ptr: 0x634b78a051f0, statement_count: 1
[emit_gcode] AST_FUNCTION encountered, not incrementing statement_count
[emit_gcode] Node type: 1, ptr: 0x634b78a053c0, statement_count: 1
[emit_gcode] Incremented statement_count for AST_LET: 2
[emit_gcode] Node type: 2, ptr: 0x634b78a04420, statement_count: 2
[emit_gcode] Incremented statement_count for AST_ASSIGN: 3
tests/test_emitter.c:368:test_emit_function_overwrite_var:FAIL: Expected 2 Was 3
[DEBUG] Finished loop, count = 2
[emit_gcode] Node type: 16, ptr: 0x634b78a04d70, statement_count: 0
[emit_gcode] AST_BLOCK encountered, recursing into children
[emit_gcode] Node type: 7, ptr: 0x634b78a05050, statement_count: 0
[emit_gcode] AST_FUNCTION encountered, not incrementing statement_count
[emit_gcode] Node type: 1, ptr: 0x634b78a04ce0, statement_count: 0
[emit_gcode] Incremented statement_count for AST_LET: 1
tests/test_emitter.c:831:test_emit_function_unused_param:PASS
[DEBUG] Finished loop, count = 2
[emit_gcode] Node type: 16, ptr: 0x634b78a04860, statement_count: 0
[emit_gcode] AST_BLOCK encountered, recursing into children
[emit_gcode] Node type: 7, ptr: 0x634b78a04a50, statement_count: 0
[emit_gcode] AST_FUNCTION encountered, not incrementing statement_count
[emit_gcode] Node type: 1, ptr: 0x634b78a04780, statement_count: 0
[emit_gcode] Incremented statement_count for AST_LET: 1
tests/test_emitter.c:832:test_emit_function_only_return:PASS
[DEBUG] Finished loop, count = 2
[emit_gcode] Node type: 16, ptr: 0x634b78a04dc0, statement_count: 0
[emit_gcode] AST_BLOCK encountered, recursing into children
[emit_gcode] Node type: 7, ptr: 0x634b78a04660, statement_count: 0
[emit_gcode] AST_FUNCTION encountered, not incrementing statement_count
[emit_gcode] Node type: 1, ptr: 0x634b78a049c0, statement_count: 0
[emit_gcode] Incremented statement_count for AST_LET: 1
[emit_gcode] Node type: 1, ptr: 0x634b78a04780, statement_count: 1
[emit_gcode] Incremented statement_count for AST_LET: 2
tests/test_emitter.c:833:test_emit_function_no_params_no_return:PASS
[DEBUG] Finished loop, count = 2
[eval_block] Processing node type: 1 at index 0
[emit_gcode] Node type: 1, ptr: 0x634b78a06f70, statement_count: 0
[emit_gcode] Incremented statement_count for AST_LET: 1
[eval_block] Processing node type: 15 at index 1
[emit_gcode] Node type: 15, ptr: 0x634b78a07b30, statement_count: 1
[emit_gcode] Incremented statement_count for control flow node type 15: 2
[emit_gcode] Node type: 16, ptr: 0x634b78a07ae0, statement_count: 2
[emit_gcode] AST_BLOCK encountered, recursing into children
[emit_gcode] Node type: 2, ptr: 0x634b78a072c0, statement_count: 2
[emit_gcode] Incremented statement_count for AST_ASSIGN: 3
[emit_gcode] Node type: 18, ptr: 0x634b78a07550, statement_count: 3
[emit_gcode] Incremented statement_count for control flow node type 18: 4
[emit_gcode] Node type: 16, ptr: 0x634b78a07a70, statement_count: 4
[emit_gcode] AST_BLOCK encountered, recursing into children
[emit_gcode] Node type: 13, ptr: 0x634b78a079d0, statement_count: 4
[emit_gcode] Incremented statement_count for AST_GCODE: 5
[emission guard] Marked node 0x634b78a07b30 as emitted.
[eval_for] Loop body node type: 16
[eval_for] Loop body is a block with 2 statements
[eval_block] Processing node type: 2 at index 0
[emit_gcode] Node type: 2, ptr: 0x634b78a072c0, statement_count: 5
[emit_gcode] Incremented statement_count for AST_ASSIGN: 6
[eval_block] Processing node type: 18 at index 1
[Eval_IF evaluator] condition evaluates to: 0.00
[eval_block] Processing node type: 2 at index 0
[emit_gcode] Node type: 2, ptr: 0x634b78a072c0, statement_count: 6
[emit_gcode] Incremented statement_count for AST_ASSIGN: 7
[eval_block] Processing node type: 18 at index 1
[Eval_IF evaluator] condition evaluates to: 1.00
[eval_block] Processing node type: 13 at index 0
[emit_gcode] Node type: 13, ptr: 0x634b78a079d0, statement_count: 7
[emit_gcode] Incremented statement_count for AST_GCODE: 8
[eval_block] Processing node type: 2 at index 0
[emit_gcode] Node type: 2, ptr: 0x634b78a072c0, statement_count: 8
[emit_gcode] Incremented statement_count for AST_ASSIGN: 9
[eval_block] Processing node type: 18 at index 1
[Eval_IF evaluator] condition evaluates to: 1.00
[eval_block] Processing node type: 13 at index 0
[emit_gcode] Node type: 13, ptr: 0x634b78a079d0, statement_count: 9
[emit_gcode] Incremented statement_count for AST_GCODE: 10
tests/test_emitter.c:836:test_emit_loop_and_conditionals:PASS
[DEBUG] Finished loop, count = 2
[eval_block] Processing node type: 1 at index 0
[emit_gcode] Node type: 1, ptr: 0x634b78a07640, statement_count: 0
[emit_gcode] Incremented statement_count for AST_LET: 1
[eval_block] Processing node type: 14 at index 1
[emit_gcode] Node type: 14, ptr: 0x634b78a07b30, statement_count: 1
[emit_gcode] Incremented statement_count for control flow node type 14: 2
[emit_gcode] Node type: 16, ptr: 0x634b78a07ae0, statement_count: 2
[emit_gcode] AST_BLOCK encountered, recursing into children
[emit_gcode] Node type: 2, ptr: 0x634b78a06f70, statement_count: 2
[emit_gcode] Incremented statement_count for AST_ASSIGN: 3
[emit_gcode] Node type: 13, ptr: 0x634b78a07550, statement_count: 3
[emit_gcode] Incremented statement_count for AST_GCODE: 4
[emission guard] Marked node 0x634b78a07b30 as emitted.
[EVAL evaluator] WHILE ITERATION 0, cond = 1.00
[eval_block] Processing node type: 2 at index 0
[emit_gcode] Node type: 2, ptr: 0x634b78a06f70, statement_count: 4
[emit_gcode] Incremented statement_count for AST_ASSIGN: 5
[eval_block] Processing node type: 13 at index 1
[emit_gcode] Node type: 13, ptr: 0x634b78a07550, statement_count: 5
[emit_gcode] Incremented statement_count for AST_GCODE: 6
[EVAL evaluator] WHILE ITERATION 1, cond = 1.00
[eval_block] Processing node type: 2 at index 0
[emit_gcode] Node type: 2, ptr: 0x634b78a06f70, statement_count: 6
[emit_gcode] Incremented statement_count for AST_ASSIGN: 7
[eval_block] Processing node type: 13 at index 1
[emit_gcode] Node type: 13, ptr: 0x634b78a07550, statement_count: 7
[emit_gcode] Incremented statement_count for AST_GCODE: 8
[EVAL evaluator] WHILE ITERATION 2, cond = 0.00
tests/test_emitter.c:838:test_emit_while_loop_basic:PASS
[DEBUG] Finished loop, count = 2
[eval_block] Processing node type: 1 at index 0
[emit_gcode] Node type: 1, ptr: 0x634b78a07910, statement_count: 0
[emit_gcode] Incremented statement_count for AST_LET: 1
[eval_block] Processing node type: 15 at index 1
[emit_gcode] Node type: 15, ptr: 0x634b78a090f0, statement_count: 1
[emit_gcode] Incremented statement_count for control flow node type 15: 2
[emit_gcode] Node type: 16, ptr: 0x634b78a090a0, statement_count: 2
[emit_gcode] AST_BLOCK encountered, recursing into children
[emit_gcode] Node type: 18, ptr: 0x634b78a072c0, statement_count: 2
[emit_gcode] Incremented statement_count for control flow node type 18: 3
[emit_gcode] Node type: 16, ptr: 0x634b78a09030, statement_count: 3
[emit_gcode] AST_BLOCK encountered, recursing into children
[emit_gcode] Node type: 2, ptr: 0x634b78a08ba0, statement_count: 3
[emit_gcode] Incremented statement_count for AST_ASSIGN: 4
[emit_gcode] Node type: 13, ptr: 0x634b78a08fc0, statement_count: 4
[emit_gcode] Incremented statement_count for AST_GCODE: 5
[emission guard] Marked node 0x634b78a090f0 as emitted.
[eval_for] Loop body node type: 16
[eval_for] Loop body is a block with 1 statements
[eval_block] Processing node type: 18 at index 0
[Eval_IF evaluator] condition evaluates to: 0.00
[eval_block] Processing node type: 18 at index 0
[Eval_IF evaluator] condition evaluates to: 1.00
[eval_block] Processing node type: 2 at index 0
[emit_gcode] Node type: 2, ptr: 0x634b78a08ba0, statement_count: 5
[emit_gcode] Incremented statement_count for AST_ASSIGN: 6
[eval_block] Processing node type: 13 at index 1
[emit_gcode] Node type: 13, ptr: 0x634b78a08fc0, statement_count: 6
[emit_gcode] Incremented statement_count for AST_GCODE: 7
[eval_block] Processing node type: 18 at index 0
[Eval_IF evaluator] condition evaluates to: 1.00
[eval_block] Processing node type: 2 at index 0
[emit_gcode] Node type: 2, ptr: 0x634b78a08ba0, statement_count: 7
[emit_gcode] Incremented statement_count for AST_ASSIGN: 8
[eval_block] Processing node type: 13 at index 1
[emit_gcode] Node type: 13, ptr: 0x634b78a08fc0, statement_count: 8
[emit_gcode] Incremented statement_count for AST_GCODE: 9
[eval_block] Processing node type: 18 at index 0
[Eval_IF evaluator] condition evaluates to: 0.00
tests/test_emitter.c:90:test_emit_nested_if_inside_loop:FAIL: Expected 2 Was 3
[DEBUG] Finished loop, count = 3
[emit_gcode] Node type: 16, ptr: 0x634b78a0a4d0, statement_count: 0
[emit_gcode] AST_BLOCK encountered, recursing into children
[emit_gcode] Node type: 1, ptr: 0x634b78a09840, statement_count: 0
[emit_gcode] Incremented statement_count for AST_LET: 1
[emit_gcode] Node type: 17, ptr: 0x634b78a09980, statement_count: 1
[emit_gcode] Incremented statement_count for AST_NOTE: 2
[emit_gcode] Node type: 18, ptr: 0x634b78a099d0, statement_count: 2
[emit_gcode] Incremented statement_count for control flow node type 18: 3
[emit_gcode] Node type: 16, ptr: 0x634b78a0a040, statement_count: 3
[emit_gcode] AST_BLOCK encountered, recursing into children
[emit_gcode] Node type: 13, ptr: 0x634b78a09f80, statement_count: 3
[emit_gcode] Incremented statement_count for AST_GCODE: 4
[emit_gcode] Node type: 16, ptr: 0x634b78a0a480, statement_count: 4
[emit_gcode] AST_BLOCK encountered, recursing into children
[emit_gcode] Node type: 13, ptr: 0x634b78a0a3e0, statement_count: 4
[emit_gcode] Incremented statement_count for AST_GCODE: 5
tests/test_emitter.c:40:test_emit_simple_gcode_block:FAIL: Expected 4 Was 5
[DEBUG] Finished loop, count = 3
[emit_gcode] Node type: 16, ptr: 0x634b78a0b300, statement_count: 0
[emit_gcode] AST_BLOCK encountered, recursing into children
[emit_gcode] Node type: 1, ptr: 0x634b78a0aa60, statement_count: 0
[emit_gcode] Incremented statement_count for AST_LET: 1
[emit_gcode] Node type: 1, ptr: 0x634b78a0aeb0, statement_count: 1
[emit_gcode] Incremented statement_count for AST_LET: 2
[emit_gcode] Node type: 1, ptr: 0x634b78a0b2b0, statement_count: 2
[emit_gcode] Incremented statement_count for AST_LET: 3
tests/test_emitter.c:841:test_builtin_clamp:PASS
[DEBUG] Finished loop, count = 10
[emit_gcode] Node type: 16, ptr: 0x634b78a0cf40, statement_count: 0
[emit_gcode] AST_BLOCK encountered, recursing into children
[emit_gcode] Node type: 1, ptr: 0x634b78a0b2b0, statement_count: 0
[emit_gcode] Incremented statement_count for AST_LET: 1
[emit_gcode] Node type: 1, ptr: 0x634b78a0aa60, statement_count: 1
[emit_gcode] Incremented statement_count for AST_LET: 2
[emit_gcode] Node type: 1, ptr: 0x634b78a0bb50, statement_count: 2
[emit_gcode] Incremented statement_count for AST_LET: 3
[emit_gcode] Node type: 1, ptr: 0x634b78a0be10, statement_count: 3
[emit_gcode] Incremented statement_count for AST_LET: 4
[emit_gcode] Node type: 1, ptr: 0x634b78a0c0d0, statement_count: 4
[emit_gcode] Incremented statement_count for AST_LET: 5
[emit_gcode] Node type: 1, ptr: 0x634b78a0c3b0, statement_count: 5
[emit_gcode] Incremented statement_count for AST_LET: 6
[emit_gcode] Node type: 1, ptr: 0x634b78a0c670, statement_count: 6
[emit_gcode] Incremented statement_count for AST_LET: 7
[emit_gcode] Node type: 1, ptr: 0x634b78a0c9e0, statement_count: 7
[emit_gcode] Incremented statement_count for AST_LET: 8
[emit_gcode] Node type: 1, ptr: 0x634b78a0cca0, statement_count: 8
[emit_gcode] Incremented statement_count for AST_LET: 9
[emit_gcode] Node type: 1, ptr: 0x634b78a0cef0, statement_count: 9
[emit_gcode] Incremented statement_count for AST_LET: 10
tests/test_emitter.c:842:test_builtin_math_functions_and_constants:PASS
[DEBUG] Finished loop, count = 2
[eval_block] Processing node type: 1 at index 0
[emit_gcode] Node type: 1, ptr: 0x634b78a0c3b0, statement_count: 0
[emit_gcode] Incremented statement_count for AST_LET: 1
[eval_block] Processing node type: 15 at index 1
[emit_gcode] Node type: 15, ptr: 0x634b78a0dec0, statement_count: 1
[emit_gcode] Incremented statement_count for control flow node type 15: 2
[emit_gcode] Node type: 16, ptr: 0x634b78a0de70, statement_count: 2
[emit_gcode] AST_BLOCK encountered, recursing into children
[emit_gcode] Node type: 18, ptr: 0x634b78a0aa60, statement_count: 2
[emit_gcode] Incremented statement_count for control flow node type 18: 3
[emit_gcode] Node type: 16, ptr: 0x634b78a0ddd0, statement_count: 3
[emit_gcode] AST_BLOCK encountered, recursing into children
[emit_gcode] Node type: 1, ptr: 0x634b78a0db00, statement_count: 3
[emit_gcode] Incremented statement_count for AST_LET: 4
[emit_gcode] Node type: 13, ptr: 0x634b78a0dd60, statement_count: 4
[emit_gcode] Incremented statement_count for AST_GCODE: 5
[emission guard] Marked node 0x634b78a0dec0 as emitted.
[eval_for] Loop body node type: 16
[eval_for] Loop body is a block with 1 statements
[eval_block] Processing node type: 18 at index 0
[Eval_IF evaluator] condition evaluates to: 0.00
[eval_block] Processing node type: 18 at index 0
[Eval_IF evaluator] condition evaluates to: 1.00
[eval_block] Processing node type: 1 at index 0
[emit_gcode] Node type: 1, ptr: 0x634b78a0db00, statement_count: 5
[emit_gcode] Incremented statement_count for AST_LET: 6
[eval_block] Processing node type: 13 at index 1
[emit_gcode] Node type: 13, ptr: 0x634b78a0dd60, statement_count: 6
[emit_gcode] Incremented statement_count for AST_GCODE: 7
[eval_block] Processing node type: 18 at index 0
[Eval_IF evaluator] condition evaluates to: 0.00
[eval_block] Processing node type: 18 at index 0
[Eval_IF evaluator] condition evaluates to: 1.00
[eval_block] Processing node type: 1 at index 0
[emit_gcode] Node type: 1, ptr: 0x634b78a0db00, statement_count: 7
[emit_gcode] Incremented statement_count for AST_LET: 8
[eval_block] Processing node type: 13 at index 1
[emit_gcode] Node type: 13, ptr: 0x634b78a0dd60, statement_count: 8
[emit_gcode] Incremented statement_count for AST_GCODE: 9
tests/test_emitter.c:138:test_emit_nested_if_inside_loop2:FAIL: Expected 2 Was 3
[DEBUG] Finished loop, count = 4
[emit_gcode] Node type: 16, ptr: 0x634b78a0ee20, statement_count: 0
[emit_gcode] AST_BLOCK encountered, recursing into children
[emit_gcode] Node type: 7, ptr: 0x634b78a0e960, statement_count: 0
[emit_gcode] AST_FUNCTION encountered, not incrementing statement_count
[emit_gcode] Node type: 1, ptr: 0x634b78a0eb30, statement_count: 0
[emit_gcode] Incremented statement_count for AST_LET: 1
[emit_gcode] Node type: 1, ptr: 0x634b78a0ecd0, statement_count: 1
[emit_gcode] Incremented statement_count for AST_LET: 2
[emit_gcode] Node type: 17, ptr: 0x634b78a0edd0, statement_count: 2
[emit_gcode] Incremented statement_count for AST_NOTE: 3
tests/test_emitter.c:845:test_emit_function_declaration_and_call:PASS
[DEBUG] Finished loop, count = 5
[emit_gcode] Node type: 16, ptr: 0x634b78a0fb10, statement_count: 0
[emit_gcode] AST_BLOCK encountered, recursing into children
[emit_gcode] Node type: 7, ptr: 0x634b78a0f230, statement_count: 0
[emit_gcode] AST_FUNCTION encountered, not incrementing statement_count
[emit_gcode] Node type: 1, ptr: 0x634b78a0f3d0, statement_count: 0
[emit_gcode] Incremented statement_count for AST_LET: 1
[emit_gcode] Node type: 1, ptr: 0x634b78a0f690, statement_count: 1
[emit_gcode] Incremented statement_count for AST_LET: 2
[emit_gcode] Node type: 1, ptr: 0x634b78a0f950, statement_count: 2
[emit_gcode] Incremented statement_count for AST_LET: 3
[emit_gcode] Node type: 17, ptr: 0x634b78a0fa70, statement_count: 3
[emit_gcode] Incremented statement_count for AST_NOTE: 4
tests/test_emitter.c:846:test_emit_function_call_returns_value:PASS
[DEBUG] Finished loop, count = 3
[emit_gcode] Node type: 16, ptr: 0x634b78a10680, statement_count: 0
[emit_gcode] AST_BLOCK encountered, recursing into children
[emit_gcode] Node type: 7, ptr: 0x634b78a0ff80, statement_count: 0
[emit_gcode] AST_FUNCTION encountered, not incrementing statement_count
[emit_gcode] Node type: 1, ptr: 0x634b78a10150, statement_count: 0
[emit_gcode] Incremented statement_count for AST_LET: 1
[emit_gcode] Node type: 1, ptr: 0x634b78a10630, statement_count: 1
[emit_gcode] Incremented statement_count for AST_LET: 2
tests/test_emitter.c:847:test_emit_function_call_inside_expression:PASS
[DEBUG] Finished loop, count = 2
[emit_gcode] Node type: 16, ptr: 0x634b78a110c0, statement_count: 0
[emit_gcode] AST_BLOCK encountered, recursing into children
[emit_gcode] Node type: 7, ptr: 0x634b78a10cf0, statement_count: 0
[emit_gcode] AST_FUNCTION encountered, not incrementing statement_count
[emit_gcode] Node type: 1, ptr: 0x634b78a11070, statement_count: 0
[emit_gcode] Incremented statement_count for AST_LET: 1
tests/test_emitter.c:848:test_emit_function_with_two_params:PASS
[DEBUG] Finished loop, count = 2
[emit_gcode] Node type: 16, ptr: 0x634b78a12000, statement_count: 0
[emit_gcode] AST_BLOCK encountered, recursing into children
[emit_gcode] Node type: 7, ptr: 0x634b78a11ce0, statement_count: 0
[emit_gcode] AST_FUNCTION encountered, not incrementing statement_count
[emit_gcode] Node type: 1, ptr: 0x634b78a11fb0, statement_count: 0
[emit_gcode] Incremented statement_count for AST_LET: 1
[debug] fact() called with n = 4.00
[Eval_IF evaluator] condition evaluates to: 0.00
[debug] fact() called with n = 3.00
[Eval_IF evaluator] condition evaluates to: 0.00
[debug] fact() called with n = 2.00
[Eval_IF evaluator] condition evaluates to: 0.00
[debug] fact() called with n = 1.00
[Eval_IF evaluator] condition evaluates to: 1.00
[eval_block] Processing node type: 10 at index 0
[debug] fact() called with n = 0.00
[Eval_IF evaluator] condition evaluates to: 1.00
[eval_block] Processing node type: 10 at index 0
[debug] fact() called with n = -1.00
[Eval_IF evaluator] condition evaluates to: 1.00
[eval_block] Processing node type: 10 at index 0
[debug] fact() called with n = -2.00
[Eval_IF evaluator] condition evaluates to: 1.00
[eval_block] Processing node type: 10 at index 0
[debug] fact() called with n = -3.00
[Eval_IF evaluator] condition evaluates to: 1.00
[eval_block] Processing node type: 10 at index 0
[debug] fact() called with n = -4.00
[Eval_IF evaluator] condition evaluates to: 1.00
[eval_block] Processing node type: 10 at index 0
[debug] fact() called with n = -5.00
[Eval_IF evaluator] condition evaluates to: 1.00
[eval_block] Processing node type: 10 at index 0
[debug] fact() called with n = -6.00
[Eval_IF evaluator] condition evaluates to: 1.00
[eval_block] Processing node type: 10 at index 0
[debug] fact() called with n = -7.00
[Eval_IF evaluator] condition evaluates to: 1.00
[eval_block] Processing node type: 10 at index 0
[debug] fact() called with n = -8.00
[Eval_IF evaluator] condition evaluates to: 1.00
[eval_block] Processing node type: 10 at index 0
[debug] fact() called with n = -9.00
[Eval_IF evaluator] condition evaluates to: 1.00
[eval_block] Processing node type: 10 at index 0
[debug] fact() called with n = -10.00
[Eval_IF evaluator] condition evaluates to: 1.00
[eval_block] Processing node type: 10 at index 0
[debug] fact() called with n = -11.00
[Eval_IF evaluator] condition evaluates to: 1.00
[eval_block] Processing node type: 10 at index 0
[debug] fact() called with n = -12.00
[Eval_IF evaluator] condition evaluates to: 1.00
[eval_block] Processing node type: 10 at index 0
[debug] fact() called with n = -13.00
[Eval_IF evaluator] condition evaluates to: 1.00
[eval_block] Processing node type: 10 at index 0
[debug] fact() called with n = -14.00
[Eval_IF evaluator] condition evaluates to: 1.00
[eval_block] Processing node type: 10 at index 0
[debug] fact() called with n = -15.00
[Eval_IF evaluator] condition evaluates to: 1.00
[eval_block] Processing node type: 10 at index 0
[debug] fact() called with n = -16.00
[Eval_IF evaluator] condition evaluates to: 1.00
[eval_block] Processing node type: 10 at index 0
[debug] fact() called with n = -17.00
[Eval_IF evaluator] condition evaluates to: 1.00
[eval_block] Processing node type: 10 at index 0
[debug] fact() called with n = -18.00
[Eval_IF evaluator] condition evaluates to: 1.00
[eval_block] Processing node type: 10 at index 0
[debug] fact() called with n = -19.00
[Eval_IF evaluator] condition evaluates to: 1.00
[eval_block] Processing node type: 10 at index 0
[debug] fact() called with n = -20.00
[Eval_IF evaluator] condition evaluates to: 1.00
[eval_block] Processing node type: 10 at index 0
[debug] fact() called with n = -21.00
[Eval_IF evaluator] condition evaluates to: 1.00
[eval_block] Processing node type: 10 at index 0
[debug] fact() called with n = -22.00
[Eval_IF evaluator] condition evaluates to: 1.00
[eval_block] Processing node type: 10 at index 0
[debug] fact() called with n = -23.00
[Eval_IF evaluator] condition evaluates to: 1.00
[eval_block] Processing node type: 10 at index 0
[debug] fact() called with n = -24.00
[Eval_IF evaluator] condition evaluates to: 1.00
[eval_block] Processing node type: 10 at index 0
[debug] fact() called with n = -25.00
[Eval_IF evaluator] condition evaluates to: 1.00
[eval_block] Processing node type: 10 at index 0
[debug] fact() called with n = -26.00
[Eval_IF evaluator] condition evaluates to: 1.00
[eval_block] Processing node type: 10 at index 0
[debug] fact() called with n = -27.00
[Eval_IF evaluator] condition evaluates to: 1.00
[eval_block] Processing node type: 10 at index 0
[debug] fact() called with n = -28.00
[Eval_IF evaluator] condition evaluates to: 1.00
[eval_block] Processing node type: 10 at index 0
[debug] fact() called with n = -29.00
[Eval_IF evaluator] condition evaluates to: 1.00
[eval_block] Processing node type: 10 at index 0
[debug] fact() called with n = -30.00
[Eval_IF evaluator] condition evaluates to: 1.00
[eval_block] Processing node type: 10 at index 0
[debug] fact() called with n = -31.00
[Eval_IF evaluator] condition evaluates to: 1.00
[eval_block] Processing node type: 10 at index 0
[debug] fact() called with n = -32.00
[Eval_IF evaluator] condition evaluates to: 1.00
[eval_block] Processing node type: 10 at index 0
[debug] fact() called with n = -33.00
[Eval_IF evaluator] condition evaluates to: 1.00
[eval_block] Processing node type: 10 at index 0
[debug] fact() called with n = -34.00
[Eval_IF evaluator] condition evaluates to: 1.00
[eval_block] Processing node type: 10 at index 0
[debug] fact() called with n = -35.00
[Eval_IF evaluator] condition evaluates to: 1.00
[eval_block] Processing node type: 10 at index 0
[debug] fact() called with n = -36.00
[Eval_IF evaluator] condition evaluates to: 1.00
[eval_block] Processing node type: 10 at index 0
[debug] fact() called with n = -37.00
[Eval_IF evaluator] condition evaluates to: 1.00
[eval_block] Processing node type: 10 at index 0
[debug] fact() called with n = -38.00
[Eval_IF evaluator] condition evaluates to: 1.00
[eval_block] Processing node type: 10 at index 0
[debug] fact() called with n = -39.00
[Eval_IF evaluator] condition evaluates to: 1.00
[eval_block] Processing node type: 10 at index 0
[debug] fact() called with n = -40.00
[Eval_IF evaluator] condition evaluates to: 1.00
[eval_block] Processing node type: 10 at index 0
[debug] fact() called with n = -41.00
[Eval_IF evaluator] condition evaluates to: 1.00
[eval_block] Processing node type: 10 at index 0
[debug] fact() called with n = -42.00
[Eval_IF evaluator] condition evaluates to: 1.00
[eval_block] Processing node type: 10 at index 0
[debug] fact() called with n = -43.00
[Eval_IF evaluator] condition evaluates to: 1.00
[eval_block] Processing node type: 10 at index 0
[debug] fact() called with n = -44.00
[Eval_IF evaluator] condition evaluates to: 1.00
[eval_block] Processing node type: 10 at index 0
[debug] fact() called with n = -45.00
[Eval_IF evaluator] condition evaluates to: 1.00
[eval_block] Processing node type: 10 at index 0
[debug] fact() called with n = -46.00
[Eval_IF evaluator] condition evaluates to: 1.00
[eval_block] Processing node type: 10 at index 0
[debug] fact() called with n = -47.00
[Eval_IF evaluator] condition evaluates to: 1.00
[eval_block] Processing node type: 10 at index 0
[debug] fact() called with n = -48.00
[Eval_IF evaluator] condition evaluates to: 1.00
[eval_block] Processing node type: 10 at index 0
[debug] fact() called with n = -49.00
[Eval_IF evaluator] condition evaluates to: 1.00
[eval_block] Processing node type: 10 at index 0
[debug] fact() called with n = -50.00
[Eval_IF evaluator] condition evaluates to: 1.00
[eval_block] Processing node type: 10 at index 0
[debug] fact() called with n = -51.00
[Eval_IF evaluator] condition evaluates to: 1.00
[eval_block] Processing node type: 10 at index 0
[debug] fact() called with n = -52.00
[Eval_IF evaluator] condition evaluates to: 1.00
[eval_block] Processing node type: 10 at index 0
[debug] fact() called with n = -53.00
[Eval_IF evaluator] condition evaluates to: 1.00
[eval_block] Processing node type: 10 at index 0
[debug] fact() called with n = -54.00
[Eval_IF evaluator] condition evaluates to: 1.00
[eval_block] Processing node type: 10 at index 0
[debug] fact() called with n = -55.00
[Eval_IF evaluator] condition evaluates to: 1.00
[eval_block] Processing node type: 10 at index 0
[debug] fact() called with n = -56.00
[Eval_IF evaluator] condition evaluates to: 1.00
[eval_block] Processing node type: 10 at index 0
[debug] fact() called with n = -57.00
[Eval_IF evaluator] condition evaluates to: 1.00
[eval_block] Processing node type: 10 at index 0
[debug] fact() called with n = -58.00
[Eval_IF evaluator] condition evaluates to: 1.00
[eval_block] Processing node type: 10 at index 0
[debug] fact() called with n = -59.00
[Eval_IF evaluator] condition evaluates to: 1.00
[eval_block] Processing node type: 10 at index 0
[debug] fact() called with n = -60.00
[Eval_IF evaluator] condition evaluates to: 1.00
[eval_block] Processing node type: 10 at index 0
[debug] fact() called with n = -61.00
[Eval_IF evaluator] condition evaluates to: 1.00
[eval_block] Processing node type: 10 at index 0
[debug] fact() called with n = -62.00
[Eval_IF evaluator] condition evaluates to: 1.00
[eval_block] Processing node type: 10 at index 0
[debug] fact() called with n = -63.00
[Eval_IF evaluator] condition evaluates to: 1.00
[eval_block] Processing node type: 10 at index 0
[debug] fact() called with n = -64.00
[Eval_IF evaluator] condition evaluates to: 1.00
[eval_block] Processing node type: 10 at index 0
[debug] fact() called with n = -65.00
[Eval_IF evaluator] condition evaluates to: 1.00
[eval_block] Processing node type: 10 at index 0
[debug] fact() called with n = -66.00
[Eval_IF evaluator] condition evaluates to: 1.00
[eval_block] Processing node type: 10 at index 0
[debug] fact() called with n = -67.00
[Eval_IF evaluator] condition evaluates to: 1.00
[eval_block] Processing node type: 10 at index 0
[debug] fact() called with n = -68.00
[Eval_IF evaluator] condition evaluates to: 1.00
[eval_block] Processing node type: 10 at index 0
[debug] fact() called with n = -69.00
[Eval_IF evaluator] condition evaluates to: 1.00
[eval_block] Processing node type: 10 at index 0
[debug] fact() called with n = -70.00
[Eval_IF evaluator] condition evaluates to: 1.00
[eval_block] Processing node type: 10 at index 0
[debug] fact() called with n = -71.00
[Eval_IF evaluator] condition evaluates to: 1.00
[eval_block] Processing node type: 10 at index 0
[debug] fact() called with n = -72.00
[Eval_IF evaluator] condition evaluates to: 1.00
[eval_block] Processing node type: 10 at index 0
[debug] fact() called with n = -73.00
[Eval_IF evaluator] condition evaluates to: 1.00
[eval_block] Processing node type: 10 at index 0
[debug] fact() called with n = -74.00
[Eval_IF evaluator] condition evaluates to: 1.00
[eval_block] Processing node type: 10 at index 0
[debug] fact() called with n = -75.00
[Eval_IF evaluator] condition evaluates to: 1.00
[eval_block] Processing node type: 10 at index 0
[debug] fact() called with n = -76.00
[Eval_IF evaluator] condition evaluates to: 1.00
[eval_block] Processing node type: 10 at index 0
[debug] fact() called with n = -77.00
[Eval_IF evaluator] condition evaluates to: 1.00
[eval_block] Processing node type: 10 at index 0
[debug] fact() called with n = -78.00
[Eval_IF evaluator] condition evaluates to: 1.00
[eval_block] Processing node type: 10 at index 0
[debug] fact() called with n = -79.00
[Eval_IF evaluator] condition evaluates to: 1.00
[eval_block] Processing node type: 10 at index 0
[debug] fact() called with n = -80.00
[Eval_IF evaluator] condition evaluates to: 1.00
[eval_block] Processing node type: 10 at index 0
[debug] fact() called with n = -81.00
[Eval_IF evaluator] condition evaluates to: 1.00
[eval_block] Processing node type: 10 at index 0
[debug] fact() called with n = -82.00
[Eval_IF evaluator] condition evaluates to: 1.00
[eval_block] Processing node type: 10 at index 0
[debug] fact() called with n = -83.00
[Eval_IF evaluator] condition evaluates to: 1.00
[eval_block] Processing node type: 10 at index 0
[debug] fact() called with n = -84.00
[Eval_IF evaluator] condition evaluates to: 1.00
[eval_block] Processing node type: 10 at index 0
[debug] fact() called with n = -85.00
[Eval_IF evaluator] condition evaluates to: 1.00
[eval_block] Processing node type: 10 at index 0
[debug] fact() called with n = -86.00
[Eval_IF evaluator] condition evaluates to: 1.00
[eval_block] Processing node type: 10 at index 0
[debug] fact() called with n = -87.00
[Eval_IF evaluator] condition evaluates to: 1.00
[eval_block] Processing node type: 10 at index 0
[debug] fact() called with n = -88.00
[Eval_IF evaluator] condition evaluates to: 1.00
[eval_block] Processing node type: 10 at index 0
[debug] fact() called with n = -89.00
[Eval_IF evaluator] condition evaluates to: 1.00
[eval_block] Processing node type: 10 at index 0
[debug] fact() called with n = -90.00
[Eval_IF evaluator] condition evaluates to: 1.00
[eval_block] Processing node type: 10 at index 0
[debug] fact() called with n = -91.00
[Eval_IF evaluator] condition evaluates to: 1.00
[eval_block] Processing node type: 10 at index 0
[debug] fact() called with n = -92.00
[Eval_IF evaluator] condition evaluates to: 1.00
[eval_block] Processing node type: 10 at index 0
[debug] fact() called with n = -93.00
[Eval_IF evaluator] condition evaluates to: 1.00
[eval_block] Processing node type: 10 at index 0
[debug] fact() called with n = -94.00
[Eval_IF evaluator] condition evaluates to: 1.00
[eval_block] Processing node type: 10 at index 0
[debug] fact() called with n = -95.00
[Eval_IF evaluator] condition evaluates to: 1.00
[eval_block] Processing node type: 10 at index 0
[debug] fact() called with n = -96.00
[Eval_IF evaluator] condition evaluates to: 1.00
[eval_block] Processing node type: 10 at index 0
[debug] fact() called with n = -97.00
[Eval_IF evaluator] condition evaluates to: 1.00
[eval_block] Processing node type: 10 at index 0
[debug] fact() called with n = -98.00
[Eval_IF evaluator] condition evaluates to: 1.00
[eval_block] Processing node type: 10 at index 0
[debug] fact() called with n = -99.00
[Eval_IF evaluator] condition evaluates to: 1.00
[eval_block] Processing node type: 10 at index 0
[debug] fact() called with n = -100.00
[Eval_IF evaluator] condition evaluates to: 1.00
[eval_block] Processing node type: 10 at index 0
[debug] fact() called with n = -101.00
[Eval_IF evaluator] condition evaluates to: 1.00
[eval_block] Processing node type: 10 at index 0
[debug] fact() called with n = -102.00
[Eval_IF evaluator] condition evaluates to: 1.00
[eval_block] Processing node type: 10 at index 0
[debug] fact() called with n = -103.00
[Eval_IF evaluator] condition evaluates to: 1.00
[eval_block] Processing node type: 10 at index 0
[debug] fact() called with n = -104.00
[Eval_IF evaluator] condition evaluates to: 1.00
[eval_block] Processing node type: 10 at index 0
[debug] fact() called with n = -105.00
[Eval_IF evaluator] condition evaluates to: 1.00
[eval_block] Processing node type: 10 at index 0
[debug] fact() called with n = -106.00
[Eval_IF evaluator] condition evaluates to: 1.00
[eval_block] Processing node type: 10 at index 0
[debug] fact() called with n = -107.00
[Eval_IF evaluator] condition evaluates to: 1.00
[eval_block] Processing node type: 10 at index 0
[debug] fact() called with n = -108.00
[Eval_IF evaluator] condition evaluates to: 1.00
[eval_block] Processing node type: 10 at index 0
[debug] fact() called with n = -109.00
[Eval_IF evaluator] condition evaluates to: 1.00
[eval_block] Processing node type: 10 at index 0
[debug] fact() called with n = -110.00
[Eval_IF evaluator] condition evaluates to: 1.00
[eval_block] Processing node type: 10 at index 0
[debug] fact() called with n = -111.00
[Eval_IF evaluator] condition evaluates to: 1.00
[eval_block] Processing node type: 10 at index 0
[debug] fact() called with n = -112.00
[Eval_IF evaluator] condition evaluates to: 1.00
[eval_block] Processing node type: 10 at index 0
[debug] fact() called with n = -113.00
[Eval_IF evaluator] condition evaluates to: 1.00
[eval_block] Processing node type: 10 at index 0
[debug] fact() called with n = -114.00
[Eval_IF evaluator] condition evaluates to: 1.00
[eval_block] Processing node type: 10 at index 0
[debug] fact() called with n = -115.00
[Eval_IF evaluator] condition evaluates to: 1.00
[eval_block] Processing node type: 10 at index 0
[debug] fact() called with n = -116.00
[Eval_IF evaluator] condition evaluates to: 1.00
[eval_block] Processing node type: 10 at index 0
[debug] fact() called with n = -117.00
[Eval_IF evaluator] condition evaluates to: 1.00
[eval_block] Processing node type: 10 at index 0
[debug] fact() called with n = -118.00
[Eval_IF evaluator] condition evaluates to: 1.00
[eval_block] Processing node type: 10 at index 0
[debug] fact() called with n = -119.00
[Eval_IF evaluator] condition evaluates to: 1.00
[eval_block] Processing node type: 10 at index 0
[debug] fact() called with n = -120.00
[Eval_IF evaluator] condition evaluates to: 1.00
[eval_block] Processing node type: 10 at index 0
[debug] fact() called with n = -121.00
[Eval_IF evaluator] condition evaluates to: 1.00
[eval_block] Processing node type: 10 at index 0
[debug] fact() called with n = -122.00
[Eval_IF evaluator] condition evaluates to: 1.00
[eval_block] Processing node type: 10 at index 0
[debug] fact() called with n = -123.00
[Eval_IF evaluator] condition evaluates to: 1.00
[eval_block] Processing node type: 10 at index 0
[debug] fact() called with n = -124.00
[Eval_IF evaluator] condition evaluates to: 1.00
[eval_block] Processing node type: 10 at index 0
[debug] fact() called with n = -125.00
[Eval_IF evaluator] condition evaluates to: 1.00
[eval_block] Processing node type: 10 at index 0
[debug] fact() called with n = -126.00
[Eval_IF evaluator] condition evaluates to: 1.00
[eval_block] Processing node type: 10 at index 0
[debug] fact() called with n = -127.00
[Eval_IF evaluator] condition evaluates to: 1.00
[eval_block] Processing node type: 10 at index 0
[debug] fact() called with n = -128.00
[Eval_IF evaluator] condition evaluates to: 1.00
[eval_block] Processing node type: 10 at index 0
[debug] fact() called with n = -129.00
[Eval_IF evaluator] condition evaluates to: 1.00
[eval_block] Processing node type: 10 at index 0
[debug] fact() called with n = -130.00
[Eval_IF evaluator] condition evaluates to: 1.00
[eval_block] Processing node type: 10 at index 0
[debug] fact() called with n = -131.00
[Eval_IF evaluator] condition evaluates to: 1.00
[eval_block] Processing node type: 10 at index 0
[debug] fact() called with n = -132.00
[Eval_IF evaluator] condition evaluates to: 1.00
[eval_block] Processing node type: 10 at index 0
[debug] fact() called with n = -133.00
[Eval_IF evaluator] condition evaluates to: 1.00
[eval_block] Processing node type: 10 at index 0
[debug] fact() called with n = -134.00
[Eval_IF evaluator] condition evaluates to: 1.00
[eval_block] Processing node type: 10 at index 0
[debug] fact() called with n = -135.00
[Eval_IF evaluator] condition evaluates to: 1.00
[eval_block] Processing node type: 10 at index 0
[debug] fact() called with n = -136.00
[Eval_IF evaluator] condition evaluates to: 1.00
[eval_block] Processing node type: 10 at index 0
[debug] fact() called with n = -137.00
[Eval_IF evaluator] condition evaluates to: 1.00
[eval_block] Processing node type: 10 at index 0
[debug] fact() called with n = -138.00
[Eval_IF evaluator] condition evaluates to: 1.00
[eval_block] Processing node type: 10 at index 0
[debug] fact() called with n = -139.00
[Eval_IF evaluator] condition evaluates to: 1.00
[eval_block] Processing node type: 10 at index 0
[debug] fact() called with n = -140.00
[Eval_IF evaluator] condition evaluates to: 1.00
[eval_block] Processing node type: 10 at index 0
[debug] fact() called with n = -141.00
[Eval_IF evaluator] condition evaluates to: 1.00
[eval_block] Processing node type: 10 at index 0
[debug] fact() called with n = -142.00
[Eval_IF evaluator] condition evaluates to: 1.00
[eval_block] Processing node type: 10 at index 0
[debug] fact() called with n = -143.00
[Eval_IF evaluator] condition evaluates to: 1.00
[eval_block] Processing node type: 10 at index 0
[debug] fact() called with n = -144.00
[Eval_IF evaluator] condition evaluates to: 1.00
[eval_block] Processing node type: 10 at index 0
[debug] fact() called with n = -145.00
[Eval_IF evaluator] condition evaluates to: 1.00
[eval_block] Processing node type: 10 at index 0
[debug] fact() called with n = -146.00
[Eval_IF evaluator] condition evaluates to: 1.00
[eval_block] Processing node type: 10 at index 0
[debug] fact() called with n = -147.00
[Eval_IF evaluator] condition evaluates to: 1.00
[eval_block] Processing node type: 10 at index 0
[debug] fact() called with n = -148.00
[Eval_IF evaluator] condition evaluates to: 1.00
[eval_block] Processing node type: 10 at index 0
[debug] fact() called with n = -149.00
[Eval_IF evaluator] condition evaluates to: 1.00
[eval_block] Processing node type: 10 at index 0
[debug] fact() called with n = -150.00
[Eval_IF evaluator] condition evaluates to: 1.00
[eval_block] Processing node type: 10 at index 0
[debug] fact() called with n = -151.00
[Eval_IF evaluator] condition evaluates to: 1.00
[eval_block] Processing node type: 10 at index 0
[debug] fact() called with n = -152.00
[Eval_IF evaluator] condition evaluates to: 1.00
[eval_block] Processing node type: 10 at index 0
[debug] fact() called with n = -153.00
[Eval_IF evaluator] condition evaluates to: 1.00
[eval_block] Processing node type: 10 at index 0
[debug] fact() called with n = -154.00
[Eval_IF evaluator] condition evaluates to: 1.00
[eval_block] Processing node type: 10 at index 0
[debug] fact() called with n = -155.00
[Eval_IF evaluator] condition evaluates to: 1.00
[eval_block] Processing node type: 10 at index 0
[debug] fact() called with n = -156.00
[Eval_IF evaluator] condition evaluates to: 1.00
[eval_block] Processing node type: 10 at index 0
[debug] fact() called with n = -157.00
[Eval_IF evaluator] condition evaluates to: 1.00
[eval_block] Processing node type: 10 at index 0
[debug] fact() called with n = -158.00
[Eval_IF evaluator] condition evaluates to: 1.00
[eval_block] Processing node type: 10 at index 0
[debug] fact() called with n = -159.00
[Eval_IF evaluator] condition evaluates to: 1.00
[eval_block] Processing node type: 10 at index 0
[debug] fact() called with n = -160.00
[Eval_IF evaluator] condition evaluates to: 1.00
[eval_block] Processing node type: 10 at index 0
[debug] fact() called with n = -161.00
[Eval_IF evaluator] condition evaluates to: 1.00
[eval_block] Processing node type: 10 at index 0
[debug] fact() called with n = -162.00
[Eval_IF evaluator] condition evaluates to: 1.00
[eval_block] Processing node type: 10 at index 0
[debug] fact() called with n = -163.00
[Eval_IF evaluator] condition evaluates to: 1.00
[eval_block] Processing node type: 10 at index 0
[debug] fact() called with n = -164.00
[Eval_IF evaluator] condition evaluates to: 1.00
[eval_block] Processing node type: 10 at index 0
[debug] fact() called with n = -165.00
[Eval_IF evaluator] condition evaluates to: 1.00
[eval_block] Processing node type: 10 at index 0
[debug] fact() called with n = -166.00
[Eval_IF evaluator] condition evaluates to: 1.00
[eval_block] Processing node type: 10 at index 0
[debug] fact() called with n = -167.00
[Eval_IF evaluator] condition evaluates to: 1.00
[eval_block] Processing node type: 10 at index 0
[debug] fact() called with n = -168.00
[Eval_IF evaluator] condition evaluates to: 1.00
[eval_block] Processing node type: 10 at index 0
[debug] fact() called with n = -169.00
[Eval_IF evaluator] condition evaluates to: 1.00
[eval_block] Processing node type: 10 at index 0
[debug] fact() called with n = -170.00
[Eval_IF evaluator] condition evaluates to: 1.00
[eval_block] Processing node type: 10 at index 0
[debug] fact() called with n = -171.00
[Eval_IF evaluator] condition evaluates to: 1.00
[eval_block] Processing node type: 10 at index 0
[debug] fact() called with n = -172.00
[Eval_IF evaluator] condition evaluates to: 1.00
[eval_block] Processing node type: 10 at index 0
[debug] fact() called with n = -173.00
[Eval_IF evaluator] condition evaluates to: 1.00
[eval_block] Processing node type: 10 at index 0
[debug] fact() called with n = -174.00
[Eval_IF evaluator] condition evaluates to: 1.00
[eval_block] Processing node type: 10 at index 0
[debug] fact() called with n = -175.00
[Eval_IF evaluator] condition evaluates to: 1.00
[eval_block] Processing node type: 10 at index 0
[debug] fact() called with n = -176.00
[Eval_IF evaluator] condition evaluates to: 1.00
[eval_block] Processing node type: 10 at index 0
[debug] fact() called with n = -177.00
[Eval_IF evaluator] condition evaluates to: 1.00
[eval_block] Processing node type: 10 at index 0
[debug] fact() called with n = -178.00
[Eval_IF evaluator] condition evaluates to: 1.00
[eval_block] Processing node type: 10 at index 0
[debug] fact() called with n = -179.00
[Eval_IF evaluator] condition evaluates to: 1.00
[eval_block] Processing node type: 10 at index 0
[debug] fact() called with n = -180.00
[Eval_IF evaluator] condition evaluates to: 1.00
[eval_block] Processing node type: 10 at index 0
[debug] fact() called with n = -181.00
[Eval_IF evaluator] condition evaluates to: 1.00
[eval_block] Processing node type: 10 at index 0
[debug] fact() called with n = -182.00
[Eval_IF evaluator] condition evaluates to: 1.00
[eval_block] Processing node type: 10 at index 0
[debug] fact() called with n = -183.00
[Eval_IF evaluator] condition evaluates to: 1.00
[eval_block] Processing node type: 10 at index 0
[debug] fact() called with n = -184.00
[Eval_IF evaluator] condition evaluates to: 1.00
[eval_block] Processing node type: 10 at index 0
[debug] fact() called with n = -185.00
[Eval_IF evaluator] condition evaluates to: 1.00
[eval_block] Processing node type: 10 at index 0
[debug] fact() called with n = -186.00
[Eval_IF evaluator] condition evaluates to: 1.00
[eval_block] Processing node type: 10 at index 0
[debug] fact() called with n = -187.00
[Eval_IF evaluator] condition evaluates to: 1.00
[eval_block] Processing node type: 10 at index 0
[debug] fact() called with n = -188.00
[Eval_IF evaluator] condition evaluates to: 1.00
[eval_block] Processing node type: 10 at index 0
[debug] fact() called with n = -189.00
[Eval_IF evaluator] condition evaluates to: 1.00
[eval_block] Processing node type: 10 at index 0
[debug] fact() called with n = -190.00
[Eval_IF evaluator] condition evaluates to: 1.00
[eval_block] Processing node type: 10 at index 0
[debug] fact() called with n = -191.00
[Eval_IF evaluator] condition evaluates to: 1.00
[eval_block] Processing node type: 10 at index 0
[debug] fact() called with n = -192.00
[Eval_IF evaluator] condition evaluates to: 1.00
[eval_block] Processing node type: 10 at index 0
[debug] fact() called with n = -193.00
[Eval_IF evaluator] condition evaluates to: 1.00
[eval_block] Processing node type: 10 at index 0
[debug] fact() called with n = -194.00
[Eval_IF evaluator] condition evaluates to: 1.00
[eval_block] Processing node type: 10 at index 0
[debug] fact() called with n = -195.00
[Eval_IF evaluator] condition evaluates to: 1.00
[eval_block] Processing node type: 10 at index 0
[debug] fact() called with n = -196.00
[Eval_IF evaluator] condition evaluates to: 1.00
[eval_block] Processing node type: 10 at index 0
[debug] fact() called with n = -197.00
[Eval_IF evaluator] condition evaluates to: 1.00
[eval_block] Processing node type: 10 at index 0
[debug] fact() called with n = -198.00
[Eval_IF evaluator] condition evaluates to: 1.00
[eval_block] Processing node type: 10 at index 0
[debug] fact() called with n = -199.00
[Eval_IF evaluator] condition evaluates to: 1.00
[eval_block] Processing node type: 10 at index 0
[debug] fact() called with n = -200.00
[Eval_IF evaluator] condition evaluates to: 1.00
[eval_block] Processing node type: 10 at index 0
[debug] fact() called with n = -201.00
[Eval_IF evaluator] condition evaluates to: 1.00
[eval_block] Processing node type: 10 at index 0
[debug] fact() called with n = -202.00
[Eval_IF evaluator] condition evaluates to: 1.00
[eval_block] Processing node type: 10 at index 0
[debug] fact() called with n = -203.00
[Eval_IF evaluator] condition evaluates to: 1.00
[eval_block] Processing node type: 10 at index 0
[debug] fact() called with n = -204.00
[Eval_IF evaluator] condition evaluates to: 1.00
[eval_block] Processing node type: 10 at index 0
[debug] fact() called with n = -205.00
[Eval_IF evaluator] condition evaluates to: 1.00
[eval_block] Processing node type: 10 at index 0
[debug] fact() called with n = -206.00
[Eval_IF evaluator] condition evaluates to: 1.00
[eval_block] Processing node type: 10 at index 0
[debug] fact() called with n = -207.00
[Eval_IF evaluator] condition evaluates to: 1.00
[eval_block] Processing node type: 10 at index 0
[debug] fact() called with n = -208.00
[Eval_IF evaluator] condition evaluates to: 1.00
[eval_block] Processing node type: 10 at index 0
[debug] fact() called with n = -209.00
[Eval_IF evaluator] condition evaluates to: 1.00
[eval_block] Processing node type: 10 at index 0
[debug] fact() called with n = -210.00
[Eval_IF evaluator] condition evaluates to: 1.00
[eval_block] Processing node type: 10 at index 0
[debug] fact() called with n = -211.00
[Eval_IF evaluator] condition evaluates to: 1.00
[eval_block] Processing node type: 10 at index 0
[debug] fact() called with n = -212.00
[Eval_IF evaluator] condition evaluates to: 1.00
[eval_block] Processing node type: 10 at index 0
[debug] fact() called with n = -213.00
[Eval_IF evaluator] condition evaluates to: 1.00
[eval_block] Processing node type: 10 at index 0
[debug] fact() called with n = -214.00
[Eval_IF evaluator] condition evaluates to: 1.00
[eval_block] Processing node type: 10 at index 0
[debug] fact() called with n = -215.00
[Eval_IF evaluator] condition evaluates to: 1.00
[eval_block] Processing node type: 10 at index 0
[debug] fact() called with n = -216.00
[Eval_IF evaluator] condition evaluates to: 1.00
[eval_block] Processing node type: 10 at index 0
[debug] fact() called with n = -217.00
[Eval_IF evaluator] condition evaluates to: 1.00
[eval_block] Processing node type: 10 at index 0
[debug] fact() called with n = -218.00
[Eval_IF evaluator] condition evaluates to: 1.00
[eval_block] Processing node type: 10 at index 0
[debug] fact() called with n = -219.00
[Eval_IF evaluator] condition evaluates to: 1.00
[eval_block] Processing node type: 10 at index 0
[debug] fact() called with n = -220.00
[Eval_IF evaluator] condition evaluates to: 1.00
[eval_block] Processing node type: 10 at index 0
[debug] fact() called with n = -221.00
[Eval_IF evaluator] condition evaluates to: 1.00
[eval_block] Processing node type: 10 at index 0
[debug] fact() called with n = -222.00
[Eval_IF evaluator] condition evaluates to: 1.00
[eval_block] Processing node type: 10 at index 0
[debug] fact() called with n = -223.00
[Eval_IF evaluator] condition evaluates to: 1.00
[eval_block] Processing node type: 10 at index 0
[debug] fact() called with n = -224.00
[Eval_IF evaluator] condition evaluates to: 1.00
[eval_block] Processing node type: 10 at index 0
[debug] fact() called with n = -225.00
[Eval_IF evaluator] condition evaluates to: 1.00
[eval_block] Processing node type: 10 at index 0
[debug] fact() called with n = -226.00
[Eval_IF evaluator] condition evaluates to: 1.00
[eval_block] Processing node type: 10 at index 0
[debug] fact() called with n = -227.00
[Eval_IF evaluator] condition evaluates to: 1.00
[eval_block] Processing node type: 10 at index 0
[debug] fact() called with n = -228.00
[Eval_IF evaluator] condition evaluates to: 1.00
[eval_block] Processing node type: 10 at index 0
[debug] fact() called with n = -229.00
[Eval_IF evaluator] condition evaluates to: 1.00
[eval_block] Processing node type: 10 at index 0
[debug] fact() called with n = -230.00
[Eval_IF evaluator] condition evaluates to: 1.00
[eval_block] Processing node type: 10 at index 0
[debug] fact() called with n = -231.00
[Eval_IF evaluator] condition evaluates to: 1.00
[eval_block] Processing node type: 10 at index 0
[debug] fact() called with n = -232.00
[Eval_IF evaluator] condition evaluates to: 1.00
[eval_block] Processing node type: 10 at index 0
[debug] fact() called with n = -233.00
[Eval_IF evaluator] condition evaluates to: 1.00
[eval_block] Processing node type: 10 at index 0
[debug] fact() called with n = -234.00
[Eval_IF evaluator] condition evaluates to: 1.00
[eval_block] Processing node type: 10 at index 0
[debug] fact() called with n = -235.00
[Eval_IF evaluator] condition evaluates to: 1.00
[eval_block] Processing node type: 10 at index 0
[debug] fact() called with n = -236.00
[Eval_IF evaluator] condition evaluates to: 1.00
[eval_block] Processing node type: 10 at index 0
[debug] fact() called with n = -237.00
[Eval_IF evaluator] condition evaluates to: 1.00
[eval_block] Processing node type: 10 at index 0
[debug] fact() called with n = -238.00
[Eval_IF evaluator] condition evaluates to: 1.00
[eval_block] Processing node type: 10 at index 0
[debug] fact() called with n = -239.00
[Eval_IF evaluator] condition evaluates to: 1.00
[eval_block] Processing node type: 10 at index 0
[debug] fact() called with n = -240.00
[Eval_IF evaluator] condition evaluates to: 1.00
[eval_block] Processing node type: 10 at index 0
[debug] fact() called with n = -241.00
[Eval_IF evaluator] condition evaluates to: 1.00
[eval_block] Processing node type: 10 at index 0
[debug] fact() called with n = -242.00
[Eval_IF evaluator] condition evaluates to: 1.00
[eval_block] Processing node type: 10 at index 0
[debug] fact() called with n = -243.00
[Eval_IF evaluator] condition evaluates to: 1.00
[eval_block] Processing node type: 10 at index 0
[debug] fact() called with n = -244.00
[Eval_IF evaluator] condition evaluates to: 1.00
[eval_block] Processing node type: 10 at index 0
[debug] fact() called with n = -245.00
[Eval_IF evaluator] condition evaluates to: 1.00
[eval_block] Processing node type: 10 at index 0
[debug] fact() called with n = -246.00
[Eval_IF evaluator] condition evaluates to: 1.00
[eval_block] Processing node type: 10 at index 0
[debug] fact() called with n = -247.00
[Eval_IF evaluator] condition evaluates to: 1.00
[eval_block] Processing node type: 10 at index 0
[debug] fact() called with n = -248.00
[Eval_IF evaluator] condition evaluates to: 1.00
[eval_block] Processing node type: 10 at index 0
[debug] fact() called with n = -249.00
[Eval_IF evaluator] condition evaluates to: 1.00
[eval_block] Processing node type: 10 at index 0
[debug] fact() called with n = -250.00
[Eval_IF evaluator] condition evaluates to: 1.00
[eval_block] Processing node type: 10 at index 0
[debug] fact() called with n = -251.00
[Eval_IF evaluator] condition evaluates to: 1.00
[eval_block] Processing node type: 10 at index 0
[debug] fact() called with n = -252.00
[Eval_IF evaluator] condition evaluates to: 1.00
[eval_block] Processing node type: 10 at index 0
[debug] fact() called with n = -253.00
[Eval_IF evaluator] condition evaluates to: 1.00
[eval_block] Processing node type: 10 at index 0
[debug] fact() called with n = -254.00
[Eval_IF evaluator] condition evaluates to: 1.00
[eval_block] Processing node type: 10 at index 0
[debug] fact() called with n = -255.00
[Eval_IF evaluator] condition evaluates to: 1.00
[eval_block] Processing node type: 10 at index 0
[debug] fact() called with n = -256.00
[Eval_IF evaluator] condition evaluates to: 1.00
[eval_block] Processing node type: 10 at index 0
[debug] fact() called with n = -257.00
[Eval_IF evaluator] condition evaluates to: 1.00
[eval_block] Processing node type: 10 at index 0
[debug] fact() called with n = -258.00
[Eval_IF evaluator] condition evaluates to: 1.00
[eval_block] Processing node type: 10 at index 0
[debug] fact() called with n = -259.00
[Eval_IF evaluator] condition evaluates to: 1.00
[eval_block] Processing node type: 10 at index 0
[debug] fact() called with n = -260.00
[Eval_IF evaluator] condition evaluates to: 1.00
[eval_block] Processing node type: 10 at index 0
[debug] fact() called with n = -261.00
[Eval_IF evaluator] condition evaluates to: 1.00
[eval_block] Processing node type: 10 at index 0
[debug] fact() called with n = -262.00
[Eval_IF evaluator] condition evaluates to: 1.00
[eval_block] Processing node type: 10 at index 0
[debug] fact() called with n = -263.00
[Eval_IF evaluator] condition evaluates to: 1.00
[eval_block] Processing node type: 10 at index 0
[debug] fact() called with n = -264.00
[Eval_IF evaluator] condition evaluates to: 1.00
[eval_block] Processing node type: 10 at index 0
[debug] fact() called with n = -265.00
[Eval_IF evaluator] condition evaluates to: 1.00
[eval_block] Processing node type: 10 at index 0
[debug] fact() called with n = -266.00
[Eval_IF evaluator] condition evaluates to: 1.00
[eval_block] Processing node type: 10 at index 0
[debug] fact() called with n = -267.00
[Eval_IF evaluator] condition evaluates to: 1.00
[eval_block] Processing node type: 10 at index 0
[debug] fact() called with n = -268.00
[Eval_IF evaluator] condition evaluates to: 1.00
[eval_block] Processing node type: 10 at index 0
[debug] fact() called with n = -269.00
[Eval_IF evaluator] condition evaluates to: 1.00
[eval_block] Processing node type: 10 at index 0
[debug] fact() called with n = -270.00
[Eval_IF evaluator] condition evaluates to: 1.00
[eval_block] Processing node type: 10 at index 0
[debug] fact() called with n = -271.00
[Eval_IF evaluator] condition evaluates to: 1.00
[eval_block] Processing node type: 10 at index 0
[debug] fact() called with n = -272.00
[Eval_IF evaluator] condition evaluates to: 1.00
[eval_block] Processing node type: 10 at index 0
[debug] fact() called with n = -273.00
[Eval_IF evaluator] condition evaluates to: 1.00
[eval_block] Processing node type: 10 at index 0
[debug] fact() called with n = -274.00
[Eval_IF evaluator] condition evaluates to: 1.00
[eval_block] Processing node type: 10 at index 0
[debug] fact() called with n = -275.00
[Eval_IF evaluator] condition evaluates to: 1.00
[eval_block] Processing node type: 10 at index 0
[debug] fact() called with n = -276.00
[Eval_IF evaluator] condition evaluates to: 1.00
[eval_block] Processing node type: 10 at index 0
[debug] fact() called with n = -277.00
[Eval_IF evaluator] condition evaluates to: 1.00
[eval_block] Processing node type: 10 at index 0
[debug] fact() called with n = -278.00
[Eval_IF evaluator] condition evaluates to: 1.00
[eval_block] Processing node type: 10 at index 0
[debug] fact() called with n = -279.00
[Eval_IF evaluator] condition evaluates to: 1.00
[eval_block] Processing node type: 10 at index 0
[debug] fact() called with n = -280.00
[Eval_IF evaluator] condition evaluates to: 1.00
[eval_block] Processing node type: 10 at index 0
[debug] fact() called with n = -281.00
[Eval_IF evaluator] condition evaluates to: 1.00
[eval_block] Processing node type: 10 at index 0
[debug] fact() called with n = -282.00
[Eval_IF evaluator] condition evaluates to: 1.00
[eval_block] Processing node type: 10 at index 0
[debug] fact() called with n = -283.00
[Eval_IF evaluator] condition evaluates to: 1.00
[eval_block] Processing node type: 10 at index 0
[debug] fact() called with n = -284.00
[Eval_IF evaluator] condition evaluates to: 1.00
[eval_block] Processing node type: 10 at index 0
[debug] fact() called with n = -285.00
[Eval_IF evaluator] condition evaluates to: 1.00
[eval_block] Processing node type: 10 at index 0
[debug] fact() called with n = -286.00
[Eval_IF evaluator] condition evaluates to: 1.00
[eval_block] Processing node type: 10 at index 0
[debug] fact() called with n = -287.00
[Eval_IF evaluator] condition evaluates to: 1.00
[eval_block] Processing node type: 10 at index 0
[debug] fact() called with n = -288.00
[Eval_IF evaluator] condition evaluates to: 1.00
[eval_block] Processing node type: 10 at index 0
[debug] fact() called with n = -289.00
[Eval_IF evaluator] condition evaluates to: 1.00
[eval_block] Processing node type: 10 at index 0
[debug] fact() called with n = -290.00
[Eval_IF evaluator] condition evaluates to: 1.00
[eval_block] Processing node type: 10 at index 0
[debug] fact() called with n = -291.00
[Eval_IF evaluator] condition evaluates to: 1.00
[eval_block] Processing node type: 10 at index 0
[debug] fact() called with n = -292.00
[Eval_IF evaluator] condition evaluates to: 1.00
[eval_block] Processing node type: 10 at index 0
[debug] fact() called with n = -293.00
[Eval_IF evaluator] condition evaluates to: 1.00
[eval_block] Processing node type: 10 at index 0
[debug] fact() called with n = -294.00
[Eval_IF evaluator] condition evaluates to: 1.00
[eval_block] Processing node type: 10 at index 0
[debug] fact() called with n = -295.00
[Eval_IF evaluator] condition evaluates to: 1.00
[eval_block] Processing node type: 10 at index 0
[debug] fact() called with n = -296.00
[Eval_IF evaluator] condition evaluates to: 1.00
[eval_block] Processing node type: 10 at index 0
[debug] fact() called with n = -297.00
[Eval_IF evaluator] condition evaluates to: 1.00
[eval_block] Processing node type: 10 at index 0
[debug] fact() called with n = -298.00
[Eval_IF evaluator] condition evaluates to: 1.00
[eval_block] Processing node type: 10 at index 0
[debug] fact() called with n = -299.00
[Eval_IF evaluator] condition evaluates to: 1.00
[eval_block] Processing node type: 10 at index 0
[debug] fact() called with n = -300.00
[Eval_IF evaluator] condition evaluates to: 1.00
[eval_block] Processing node type: 10 at index 0
[debug] fact() called with n = -301.00
[Eval_IF evaluator] condition evaluates to: 1.00
[eval_block] Processing node type: 10 at index 0
[debug] fact() called with n = -302.00
[Eval_IF evaluator] condition evaluates to: 1.00
[eval_block] Processing node type: 10 at index 0
[debug] fact() called with n = -303.00
[Eval_IF evaluator] condition evaluates to: 1.00
[eval_block] Processing node type: 10 at index 0
[debug] fact() called with n = -304.00
[Eval_IF evaluator] condition evaluates to: 1.00
[eval_block] Processing node type: 10 at index 0
[debug] fact() called with n = -305.00
[Eval_IF evaluator] condition evaluates to: 1.00
[eval_block] Processing node type: 10 at index 0
[debug] fact() called with n = -306.00
[Eval_IF evaluator] condition evaluates to: 1.00
[eval_block] Processing node type: 10 at index 0
[debug] fact() called with n = -307.00
[Eval_IF evaluator] condition evaluates to: 1.00
[eval_block] Processing node type: 10 at index 0
[debug] fact() called with n = -308.00
[Eval_IF evaluator] condition evaluates to: 1.00
[eval_block] Processing node type: 10 at index 0
[debug] fact() called with n = -309.00
[Eval_IF evaluator] condition evaluates to: 1.00
[eval_block] Processing node type: 10 at index 0
[debug] fact() called with n = -310.00
[Eval_IF evaluator] condition evaluates to: 1.00
[eval_block] Processing node type: 10 at index 0
[debug] fact() called with n = -311.00
[Eval_IF evaluator] condition evaluates to: 1.00
[eval_block] Processing node type: 10 at index 0
[debug] fact() called with n = -312.00
[Eval_IF evaluator] condition evaluates to: 1.00
[eval_block] Processing node type: 10 at index 0
[debug] fact() called with n = -313.00
[Eval_IF evaluator] condition evaluates to: 1.00
[eval_block] Processing node type: 10 at index 0
[debug] fact() called with n = -314.00
[Eval_IF evaluator] condition evaluates to: 1.00
[eval_block] Processing node type: 10 at index 0
[debug] fact() called with n = -315.00
[Eval_IF evaluator] condition evaluates to: 1.00
[eval_block] Processing node type: 10 at index 0
[debug] fact() called with n = -316.00
[Eval_IF evaluator] condition evaluates to: 1.00
[eval_block] Processing node type: 10 at index 0
[debug] fact() called with n = -317.00
[Eval_IF evaluator] condition evaluates to: 1.00
[eval_block] Processing node type: 10 at index 0
[debug] fact() called with n = -318.00
[Eval_IF evaluator] condition evaluates to: 1.00
[eval_block] Processing node type: 10 at index 0
[debug] fact() called with n = -319.00
[Eval_IF evaluator] condition evaluates to: 1.00
[eval_block] Processing node type: 10 at index 0
[debug] fact() called with n = -320.00
[Eval_IF evaluator] condition evaluates to: 1.00
[eval_block] Processing node type: 10 at index 0
[debug] fact() called with n = -321.00
[Eval_IF evaluator] condition evaluates to: 1.00
[eval_block] Processing node type: 10 at index 0
[debug] fact() called with n = -322.00
[Eval_IF evaluator] condition evaluates to: 1.00
[eval_block] Processing node type: 10 at index 0
[debug] fact() called with n = -323.00
[Eval_IF evaluator] condition evaluates to: 1.00
[eval_block] Processing node type: 10 at index 0
[debug] fact() called with n = -324.00
[Eval_IF evaluator] condition evaluates to: 1.00
[eval_block] Processing node type: 10 at index 0
[debug] fact() called with n = -325.00
[Eval_IF evaluator] condition evaluates to: 1.00
[eval_block] Processing node type: 10 at index 0
[debug] fact() called with n = -326.00
[Eval_IF evaluator] condition evaluates to: 1.00
[eval_block] Processing node type: 10 at index 0
[debug] fact() called with n = -327.00
[Eval_IF evaluator] condition evaluates to: 1.00
[eval_block] Processing node type: 10 at index 0
[debug] fact() called with n = -328.00
[Eval_IF evaluator] condition evaluates to: 1.00
[eval_block] Processing node type: 10 at index 0
[debug] fact() called with n = -329.00
[Eval_IF evaluator] condition evaluates to: 1.00
[eval_block] Processing node type: 10 at index 0
[debug] fact() called with n = -330.00
[Eval_IF evaluator] condition evaluates to: 1.00
[eval_block] Processing node type: 10 at index 0
[debug] fact() called with n = -331.00
[Eval_IF evaluator] condition evaluates to: 1.00
[eval_block] Processing node type: 10 at index 0
[debug] fact() called with n = -332.00
[Eval_IF evaluator] condition evaluates to: 1.00
[eval_block] Processing node type: 10 at index 0
[debug] fact() called with n = -333.00
[Eval_IF evaluator] condition evaluates to: 1.00
[eval_block] Processing node type: 10 at index 0
[debug] fact() called with n = -334.00
[Eval_IF evaluator] condition evaluates to: 1.00
[eval_block] Processing node type: 10 at index 0
[debug] fact() called with n = -335.00
[Eval_IF evaluator] condition evaluates to: 1.00
[eval_block] Processing node type: 10 at index 0
[debug] fact() called with n = -336.00
[Eval_IF evaluator] condition evaluates to: 1.00
[eval_block] Processing node type: 10 at index 0
[debug] fact() called with n = -337.00
[Eval_IF evaluator] condition evaluates to: 1.00
[eval_block] Processing node type: 10 at index 0
[debug] fact() called with n = -338.00
[Eval_IF evaluator] condition evaluates to: 1.00
[eval_block] Processing node type: 10 at index 0
[debug] fact() called with n = -339.00
[Eval_IF evaluator] condition evaluates to: 1.00
[eval_block] Processing node type: 10 at index 0
[debug] fact() called with n = -340.00
[Eval_IF evaluator] condition evaluates to: 1.00
[eval_block] Processing node type: 10 at index 0
[debug] fact() called with n = -341.00
[Eval_IF evaluator] condition evaluates to: 1.00
[eval_block] Processing node type: 10 at index 0
[debug] fact() called with n = -342.00
[Eval_IF evaluator] condition evaluates to: 1.00
[eval_block] Processing node type: 10 at index 0
[debug] fact() called with n = -343.00
[Eval_IF evaluator] condition evaluates to: 1.00
[eval_block] Processing node type: 10 at index 0
[debug] fact() called with n = -344.00
[Eval_IF evaluator] condition evaluates to: 1.00
[eval_block] Processing node type: 10 at index 0
[debug] fact() called with n = -345.00
[Eval_IF evaluator] condition evaluates to: 1.00
[eval_block] Processing node type: 10 at index 0
[debug] fact() called with n = -346.00
[Eval_IF evaluator] condition evaluates to: 1.00
[eval_block] Processing node type: 10 at index 0
[debug] fact() called with n = -347.00
[Eval_IF evaluator] condition evaluates to: 1.00
[eval_block] Processing node type: 10 at index 0
[debug] fact() called with n = -348.00
[Eval_IF evaluator] condition evaluates to: 1.00
[eval_block] Processing node type: 10 at index 0
[debug] fact() called with n = -349.00
[Eval_IF evaluator] condition evaluates to: 1.00
[eval_block] Processing node type: 10 at index 0
[debug] fact() called with n = -350.00
[Eval_IF evaluator] condition evaluates to: 1.00
[eval_block] Processing node type: 10 at index 0
[debug] fact() called with n = -351.00
[Eval_IF evaluator] condition evaluates to: 1.00
[eval_block] Processing node type: 10 at index 0
[debug] fact() called with n = -352.00
[Eval_IF evaluator] condition evaluates to: 1.00
[eval_block] Processing node type: 10 at index 0
[debug] fact() called with n = -353.00
[Eval_IF evaluator] condition evaluates to: 1.00
[eval_block] Processing node type: 10 at index 0
[debug] fact() called with n = -354.00
[Eval_IF evaluator] condition evaluates to: 1.00
[eval_block] Processing node type: 10 at index 0
[debug] fact() called with n = -355.00
[Eval_IF evaluator] condition evaluates to: 1.00
[eval_block] Processing node type: 10 at index 0
[debug] fact() called with n = -356.00
[Eval_IF evaluator] condition evaluates to: 1.00
[eval_block] Processing node type: 10 at index 0
[debug] fact() called with n = -357.00
[Eval_IF evaluator] condition evaluates to: 1.00
[eval_block] Processing node type: 10 at index 0
[debug] fact() called with n = -358.00
[Eval_IF evaluator] condition evaluates to: 1.00
[eval_block] Processing node type: 10 at index 0
[debug] fact() called with n = -359.00
[Eval_IF evaluator] condition evaluates to: 1.00
[eval_block] Processing node type: 10 at index 0
[debug] fact() called with n = -360.00
[Eval_IF evaluator] condition evaluates to: 1.00
[eval_block] Processing node type: 10 at index 0
[debug] fact() called with n = -361.00
[Eval_IF evaluator] condition evaluates to: 1.00
[eval_block] Processing node type: 10 at index 0
[debug] fact() called with n = -362.00
[Eval_IF evaluator] condition evaluates to: 1.00
[eval_block] Processing node type: 10 at index 0
[debug] fact() called with n = -363.00
[Eval_IF evaluator] condition evaluates to: 1.00
[eval_block] Processing node type: 10 at index 0
[debug] fact() called with n = -364.00
[Eval_IF evaluator] condition evaluates to: 1.00
[eval_block] Processing node type: 10 at index 0
[debug] fact() called with n = -365.00
[Eval_IF evaluator] condition evaluates to: 1.00
[eval_block] Processing node type: 10 at index 0
[debug] fact() called with n = -366.00
[Eval_IF evaluator] condition evaluates to: 1.00
[eval_block] Processing node type: 10 at index 0
[debug] fact() called with n = -367.00
[Eval_IF evaluator] condition evaluates to: 1.00
[eval_block] Processing node type: 10 at index 0
[debug] fact() called with n = -368.00
[Eval_IF evaluator] condition evaluates to: 1.00
[eval_block] Processing node type: 10 at index 0
[debug] fact() called with n = -369.00
[Eval_IF evaluator] condition evaluates to: 1.00
[eval_block] Processing node type: 10 at index 0
[debug] fact() called with n = -370.00
[Eval_IF evaluator] condition evaluates to: 1.00
[eval_block] Processing node type: 10 at index 0
[debug] fact() called with n = -371.00
[Eval_IF evaluator] condition evaluates to: 1.00
[eval_block] Processing node type: 10 at index 0
[debug] fact() called with n = -372.00
[Eval_IF evaluator] condition evaluates to: 1.00
[eval_block] Processing node type: 10 at index 0
[debug] fact() called with n = -373.00
[Eval_IF evaluator] condition evaluates to: 1.00
[eval_block] Processing node type: 10 at index 0
[debug] fact() called with n = -374.00
[Eval_IF evaluator] condition evaluates to: 1.00
[eval_block] Processing node type: 10 at index 0
[debug] fact() called with n = -375.00
[Eval_IF evaluator] condition evaluates to: 1.00
[eval_block] Processing node type: 10 at index 0
[debug] fact() called with n = -376.00
[Eval_IF evaluator] condition evaluates to: 1.00
[eval_block] Processing node type: 10 at index 0
[debug] fact() called with n = -377.00
[Eval_IF evaluator] condition evaluates to: 1.00
[eval_block] Processing node type: 10 at index 0
[debug] fact() called with n = -378.00
[Eval_IF evaluator] condition evaluates to: 1.00
[eval_block] Processing node type: 10 at index 0
[debug] fact() called with n = -379.00
[Eval_IF evaluator] condition evaluates to: 1.00
[eval_block] Processing node type: 10 at index 0
[debug] fact() called with n = -380.00
[Eval_IF evaluator] condition evaluates to: 1.00
[eval_block] Processing node type: 10 at index 0
[debug] fact() called with n = -381.00
[Eval_IF evaluator] condition evaluates to: 1.00
[eval_block] Processing node type: 10 at index 0
[debug] fact() called with n = -382.00
[Eval_IF evaluator] condition evaluates to: 1.00
[eval_block] Processing node type: 10 at index 0
[debug] fact() called with n = -383.00
[Eval_IF evaluator] condition evaluates to: 1.00
[eval_block] Processing node type: 10 at index 0
[debug] fact() called with n = -384.00
[Eval_IF evaluator] condition evaluates to: 1.00
[eval_block] Processing node type: 10 at index 0
[debug] fact() called with n = -385.00
[Eval_IF evaluator] condition evaluates to: 1.00
[eval_block] Processing node type: 10 at index 0
[debug] fact() called with n = -386.00
[Eval_IF evaluator] condition evaluates to: 1.00
[eval_block] Processing node type: 10 at index 0
[debug] fact() called with n = -387.00
[Eval_IF evaluator] condition evaluates to: 1.00
[eval_block] Processing node type: 10 at index 0
[debug] fact() called with n = -388.00
[Eval_IF evaluator] condition evaluates to: 1.00
[eval_block] Processing node type: 10 at index 0
[debug] fact() called with n = -389.00
[Eval_IF evaluator] condition evaluates to: 1.00
[eval_block] Processing node type: 10 at index 0
[debug] fact() called with n = -390.00
[Eval_IF evaluator] condition evaluates to: 1.00
[eval_block] Processing node type: 10 at index 0
[debug] fact() called with n = -391.00
[Eval_IF evaluator] condition evaluates to: 1.00
[eval_block] Processing node type: 10 at index 0
[debug] fact() called with n = -392.00
[Eval_IF evaluator] condition evaluates to: 1.00
[eval_block] Processing node type: 10 at index 0
[debug] fact() called with n = -393.00
[Eval_IF evaluator] condition evaluates to: 1.00
[eval_block] Processing node type: 10 at index 0
[debug] fact() called with n = -394.00
[Eval_IF evaluator] condition evaluates to: 1.00
[eval_block] Processing node type: 10 at index 0
[debug] fact() called with n = -395.00
[Eval_IF evaluator] condition evaluates to: 1.00
[eval_block] Processing node type: 10 at index 0
[debug] fact() called with n = -396.00
[Eval_IF evaluator] condition evaluates to: 1.00
[eval_block] Processing node type: 10 at index 0
[debug] fact() called with n = -397.00
[Eval_IF evaluator] condition evaluates to: 1.00
[eval_block] Processing node type: 10 at index 0
[debug] fact() called with n = -398.00
[Eval_IF evaluator] condition evaluates to: 1.00
[eval_block] Processing node type: 10 at index 0
[debug] fact() called with n = -399.00
[Eval_IF evaluator] condition evaluates to: 1.00
[eval_block] Processing node type: 10 at index 0
[debug] fact() called with n = -400.00
[Eval_IF evaluator] condition evaluates to: 1.00
[eval_block] Processing node type: 10 at index 0
[debug] fact() called with n = -401.00
[Eval_IF evaluator] condition evaluates to: 1.00
[eval_block] Processing node type: 10 at index 0
[debug] fact() called with n = -402.00
[Eval_IF evaluator] condition evaluates to: 1.00
[eval_block] Processing node type: 10 at index 0
[debug] fact() called with n = -403.00
[Eval_IF evaluator] condition evaluates to: 1.00
[eval_block] Processing node type: 10 at index 0
[debug] fact() called with n = -404.00
[Eval_IF evaluator] condition evaluates to: 1.00
[eval_block] Processing node type: 10 at index 0
[debug] fact() called with n = -405.00
[Eval_IF evaluator] condition evaluates to: 1.00
[eval_block] Processing node type: 10 at index 0
[debug] fact() called with n = -406.00
[Eval_IF evaluator] condition evaluates to: 1.00
[eval_block] Processing node type: 10 at index 0
[debug] fact() called with n = -407.00
[Eval_IF evaluator] condition evaluates to: 1.00
[eval_block] Processing node type: 10 at index 0
[debug] fact() called with n = -408.00
[Eval_IF evaluator] condition evaluates to: 1.00
[eval_block] Processing node type: 10 at index 0
[debug] fact() called with n = -409.00
[Eval_IF evaluator] condition evaluates to: 1.00
[eval_block] Processing node type: 10 at index 0
[debug] fact() called with n = -410.00
[Eval_IF evaluator] condition evaluates to: 1.00
[eval_block] Processing node type: 10 at index 0
[debug] fact() called with n = -411.00
[Eval_IF evaluator] condition evaluates to: 1.00
[eval_block] Processing node type: 10 at index 0
[debug] fact() called with n = -412.00
[Eval_IF evaluator] condition evaluates to: 1.00
[eval_block] Processing node type: 10 at index 0
[debug] fact() called with n = -413.00
[Eval_IF evaluator] condition evaluates to: 1.00
[eval_block] Processing node type: 10 at index 0
[debug] fact() called with n = -414.00
[Eval_IF evaluator] condition evaluates to: 1.00
[eval_block] Processing node type: 10 at index 0
[debug] fact() called with n = -415.00
[Eval_IF evaluator] condition evaluates to: 1.00
[eval_block] Processing node type: 10 at index 0
[debug] fact() called with n = -416.00
[Eval_IF evaluator] condition evaluates to: 1.00
[eval_block] Processing node type: 10 at index 0
[debug] fact() called with n = -417.00
[Eval_IF evaluator] condition evaluates to: 1.00
[eval_block] Processing node type: 10 at index 0
[debug] fact() called with n = -418.00
[Eval_IF evaluator] condition evaluates to: 1.00
[eval_block] Processing node type: 10 at index 0
[debug] fact() called with n = -419.00
[Eval_IF evaluator] condition evaluates to: 1.00
[eval_block] Processing node type: 10 at index 0
[debug] fact() called with n = -420.00
[Eval_IF evaluator] condition evaluates to: 1.00
[eval_block] Processing node type: 10 at index 0
[debug] fact() called with n = -421.00
[Eval_IF evaluator] condition evaluates to: 1.00
[eval_block] Processing node type: 10 at index 0
[debug] fact() called with n = -422.00
[Eval_IF evaluator] condition evaluates to: 1.00
[eval_block] Processing node type: 10 at index 0
[debug] fact() called with n = -423.00
[Eval_IF evaluator] condition evaluates to: 1.00
[eval_block] Processing node type: 10 at index 0
[debug] fact() called with n = -424.00
[Eval_IF evaluator] condition evaluates to: 1.00
[eval_block] Processing node type: 10 at index 0
[debug] fact() called with n = -425.00
[Eval_IF evaluator] condition evaluates to: 1.00
[eval_block] Processing node type: 10 at index 0
[debug] fact() called with n = -426.00
[Eval_IF evaluator] condition evaluates to: 1.00
[eval_block] Processing node type: 10 at index 0
[debug] fact() called with n = -427.00
[Eval_IF evaluator] condition evaluates to: 1.00
[eval_block] Processing node type: 10 at index 0
[debug] fact() called with n = -428.00
[Eval_IF evaluator] condition evaluates to: 1.00
[eval_block] Processing node type: 10 at index 0
[debug] fact() called with n = -429.00
[Eval_IF evaluator] condition evaluates to: 1.00
[eval_block] Processing node type: 10 at index 0
[debug] fact() called with n = -430.00
[Eval_IF evaluator] condition evaluates to: 1.00
[eval_block] Processing node type: 10 at index 0
[debug] fact() called with n = -431.00
[Eval_IF evaluator] condition evaluates to: 1.00
[eval_block] Processing node type: 10 at index 0
[debug] fact() called with n = -432.00
[Eval_IF evaluator] condition evaluates to: 1.00
[eval_block] Processing node type: 10 at index 0
[debug] fact() called with n = -433.00
[Eval_IF evaluator] condition evaluates to: 1.00
[eval_block] Processing node type: 10 at index 0
[debug] fact() called with n = -434.00
[Eval_IF evaluator] condition evaluates to: 1.00
[eval_block] Processing node type: 10 at index 0
[debug] fact() called with n = -435.00
[Eval_IF evaluator] condition evaluates to: 1.00
[eval_block] Processing node type: 10 at index 0
[debug] fact() called with n = -436.00
[Eval_IF evaluator] condition evaluates to: 1.00
[eval_block] Processing node type: 10 at index 0
[debug] fact() called with n = -437.00
[Eval_IF evaluator] condition evaluates to: 1.00
[eval_block] Processing node type: 10 at index 0
[debug] fact() called with n = -438.00
[Eval_IF evaluator] condition evaluates to: 1.00
[eval_block] Processing node type: 10 at index 0
[debug] fact() called with n = -439.00
[Eval_IF evaluator] condition evaluates to: 1.00
[eval_block] Processing node type: 10 at index 0
[debug] fact() called with n = -440.00
[Eval_IF evaluator] condition evaluates to: 1.00
[eval_block] Processing node type: 10 at index 0
[debug] fact() called with n = -441.00
[Eval_IF evaluator] condition evaluates to: 1.00
[eval_block] Processing node type: 10 at index 0
[debug] fact() called with n = -442.00
[Eval_IF evaluator] condition evaluates to: 1.00
[eval_block] Processing node type: 10 at index 0
[debug] fact() called with n = -443.00
[Eval_IF evaluator] condition evaluates to: 1.00
[eval_block] Processing node type: 10 at index 0
[debug] fact() called with n = -444.00
[Eval_IF evaluator] condition evaluates to: 1.00
[eval_block] Processing node type: 10 at index 0
[debug] fact() called with n = -445.00
[Eval_IF evaluator] condition evaluates to: 1.00
[eval_block] Processing node type: 10 at index 0
[debug] fact() called with n = -446.00
[Eval_IF evaluator] condition evaluates to: 1.00
[eval_block] Processing node type: 10 at index 0
[debug] fact() called with n = -447.00
[Eval_IF evaluator] condition evaluates to: 1.00
[eval_block] Processing node type: 10 at index 0
[debug] fact() called with n = -448.00
[Eval_IF evaluator] condition evaluates to: 1.00
[eval_block] Processing node type: 10 at index 0
[debug] fact() called with n = -449.00
[Eval_IF evaluator] condition evaluates to: 1.00
[eval_block] Processing node type: 10 at index 0
[debug] fact() called with n = -450.00
[Eval_IF evaluator] condition evaluates to: 1.00
[eval_block] Processing node type: 10 at index 0
[debug] fact() called with n = -451.00
[Eval_IF evaluator] condition evaluates to: 1.00
[eval_block] Processing node type: 10 at index 0
[debug] fact() called with n = -452.00
[Eval_IF evaluator] condition evaluates to: 1.00
[eval_block] Processing node type: 10 at index 0
[debug] fact() called with n = -453.00
[Eval_IF evaluator] condition evaluates to: 1.00
[eval_block] Processing node type: 10 at index 0
[debug] fact() called with n = -454.00
[Eval_IF evaluator] condition evaluates to: 1.00
[eval_block] Processing node type: 10 at index 0
[debug] fact() called with n = -455.00
[Eval_IF evaluator] condition evaluates to: 1.00
[eval_block] Processing node type: 10 at index 0
[debug] fact() called with n = -456.00
[Eval_IF evaluator] condition evaluates to: 1.00
[eval_block] Processing node type: 10 at index 0
[debug] fact() called with n = -457.00
[Eval_IF evaluator] condition evaluates to: 1.00
[eval_block] Processing node type: 10 at index 0
[debug] fact() called with n = -458.00
[Eval_IF evaluator] condition evaluates to: 1.00
[eval_block] Processing node type: 10 at index 0
[debug] fact() called with n = -459.00
[Eval_IF evaluator] condition evaluates to: 1.00
[eval_block] Processing node type: 10 at index 0
[debug] fact() called with n = -460.00
[Eval_IF evaluator] condition evaluates to: 1.00
[eval_block] Processing node type: 10 at index 0
[debug] fact() called with n = -461.00
[Eval_IF evaluator] condition evaluates to: 1.00
[eval_block] Processing node type: 10 at index 0
[debug] fact() called with n = -462.00
[Eval_IF evaluator] condition evaluates to: 1.00
[eval_block] Processing node type: 10 at index 0
[debug] fact() called with n = -463.00
[Eval_IF evaluator] condition evaluates to: 1.00
[eval_block] Processing node type: 10 at index 0
[debug] fact() called with n = -464.00
[Eval_IF evaluator] condition evaluates to: 1.00
[eval_block] Processing node type: 10 at index 0
[debug] fact() called with n = -465.00
[Eval_IF evaluator] condition evaluates to: 1.00
[eval_block] Processing node type: 10 at index 0
[debug] fact() called with n = -466.00
[Eval_IF evaluator] condition evaluates to: 1.00
[eval_block] Processing node type: 10 at index 0
[debug] fact() called with n = -467.00
[Eval_IF evaluator] condition evaluates to: 1.00
[eval_block] Processing node type: 10 at index 0
[debug] fact() called with n = -468.00
[Eval_IF evaluator] condition evaluates to: 1.00
[eval_block] Processing node type: 10 at index 0
[debug] fact() called with n = -469.00
[Eval_IF evaluator] condition evaluates to: 1.00
[eval_block] Processing node type: 10 at index 0
[debug] fact() called with n = -470.00
[Eval_IF evaluator] condition evaluates to: 1.00
[eval_block] Processing node type: 10 at index 0
[debug] fact() called with n = -471.00
[Eval_IF evaluator] condition evaluates to: 1.00
[eval_block] Processing node type: 10 at index 0
[debug] fact() called with n = -472.00
[Eval_IF evaluator] condition evaluates to: 1.00
[eval_block] Processing node type: 10 at index 0
[debug] fact() called with n = -473.00
[Eval_IF evaluator] condition evaluates to: 1.00
[eval_block] Processing node type: 10 at index 0
[debug] fact() called with n = -474.00
[Eval_IF evaluator] condition evaluates to: 1.00
[eval_block] Processing node type: 10 at index 0
[debug] fact() called with n = -475.00
[Eval_IF evaluator] condition evaluates to: 1.00
[eval_block] Processing node type: 10 at index 0
[debug] fact() called with n = -476.00
[Eval_IF evaluator] condition evaluates to: 1.00
[eval_block] Processing node type: 10 at index 0
[debug] fact() called with n = -477.00
[Eval_IF evaluator] condition evaluates to: 1.00
[eval_block] Processing node type: 10 at index 0
[debug] fact() called with n = -478.00
[Eval_IF evaluator] condition evaluates to: 1.00
[eval_block] Processing node type: 10 at index 0
[debug] fact() called with n = -479.00
[Eval_IF evaluator] condition evaluates to: 1.00
[eval_block] Processing node type: 10 at index 0
[debug] fact() called with n = -480.00
[Eval_IF evaluator] condition evaluates to: 1.00
[eval_block] Processing node type: 10 at index 0
[debug] fact() called with n = -481.00
[Eval_IF evaluator] condition evaluates to: 1.00
[eval_block] Processing node type: 10 at index 0
[debug] fact() called with n = -482.00
[Eval_IF evaluator] condition evaluates to: 1.00
[eval_block] Processing node type: 10 at index 0
[debug] fact() called with n = -483.00
[Eval_IF evaluator] condition evaluates to: 1.00
[eval_block] Processing node type: 10 at index 0
[debug] fact() called with n = -484.00
[Eval_IF evaluator] condition evaluates to: 1.00
[eval_block] Processing node type: 10 at index 0
[debug] fact() called with n = -485.00
[Eval_IF evaluator] condition evaluates to: 1.00
[eval_block] Processing node type: 10 at index 0
[debug] fact() called with n = -486.00
[Eval_IF evaluator] condition evaluates to: 1.00
[eval_block] Processing node type: 10 at index 0
[debug] fact() called with n = -487.00
[Eval_IF evaluator] condition evaluates to: 1.00
[eval_block] Processing node type: 10 at index 0
[debug] fact() called with n = -488.00
[Eval_IF evaluator] condition evaluates to: 1.00
[eval_block] Processing node type: 10 at index 0
[debug] fact() called with n = -489.00
[Eval_IF evaluator] condition evaluates to: 1.00
[eval_block] Processing node type: 10 at index 0
[debug] fact() called with n = -490.00
[Eval_IF evaluator] condition evaluates to: 1.00
[eval_block] Processing node type: 10 at index 0
[debug] fact() called with n = -491.00
[Eval_IF evaluator] condition evaluates to: 1.00
[eval_block] Processing node type: 10 at index 0
[debug] fact() called with n = -492.00
[Eval_IF evaluator] condition evaluates to: 1.00
[eval_block] Processing node type: 10 at index 0
[debug] fact() called with n = -493.00
[Eval_IF evaluator] condition evaluates to: 1.00
[eval_block] Processing node type: 10 at index 0
[debug] fact() called with n = -494.00
[Eval_IF evaluator] condition evaluates to: 1.00
[eval_block] Processing node type: 10 at index 0
[debug] fact() called with n = -495.00
[Eval_IF evaluator] condition evaluates to: 1.00
[eval_block] Processing node type: 10 at index 0
[debug] fact() called with n = -496.00
[Eval_IF evaluator] condition evaluates to: 1.00
[eval_block] Processing node type: 10 at index 0
[debug] fact() called with n = -497.00
[Eval_IF evaluator] condition evaluates to: 1.00
[eval_block] Processing node type: 10 at index 0
[debug] fact() called with n = -498.00
[Eval_IF evaluator] condition evaluates to: 1.00
[eval_block] Processing node type: 10 at index 0
[debug] fact() called with n = -499.00
[Eval_IF evaluator] condition evaluates to: 1.00
[eval_block] Processing node type: 10 at index 0
[debug] fact() called with n = -500.00
[Eval_IF evaluator] condition evaluates to: 1.00
[eval_block] Processing node type: 10 at index 0
[debug] fact() called with n = -501.00
[Eval_IF evaluator] condition evaluates to: 1.00
[eval_block] Processing node type: 10 at index 0
[debug] fact() called with n = -502.00
[Eval_IF evaluator] condition evaluates to: 1.00
[eval_block] Processing node type: 10 at index 0
[debug] fact() called with n = -503.00
[Eval_IF evaluator] condition evaluates to: 1.00
[eval_block] Processing node type: 10 at index 0
[debug] fact() called with n = -504.00
[Eval_IF evaluator] condition evaluates to: 1.00
[eval_block] Processing node type: 10 at index 0
[debug] fact() called with n = -505.00
[Eval_IF evaluator] condition evaluates to: 1.00
[eval_block] Processing node type: 10 at index 0
[debug] fact() called with n = -506.00
[Eval_IF evaluator] condition evaluates to: 1.00
[eval_block] Processing node type: 10 at index 0
[debug] fact() called with n = -507.00
[Eval_IF evaluator] condition evaluates to: 1.00
[eval_block] Processing node type: 10 at index 0
[debug] fact() called with n = -508.00
[Eval_IF evaluator] condition evaluates to: 1.00
[eval_block] Processing node type: 10 at index 0
[debug] fact() called with n = -509.00
[Eval_IF evaluator] condition evaluates to: 1.00
[eval_block] Processing node type: 10 at index 0
[debug] fact() called with n = -510.00
[Eval_IF evaluator] condition evaluates to: 1.00
[eval_block] Processing node type: 10 at index 0
[debug] fact() called with n = -511.00
[Eval_IF evaluator] condition evaluates to: 1.00
[eval_block] Processing node type: 10 at index 0
[debug] fact() called with n = -512.00
[Eval_IF evaluator] condition evaluates to: 1.00
[eval_block] Processing node type: 10 at index 0
[debug] fact() called with n = -513.00
[Eval_IF evaluator] condition evaluates to: 1.00
[eval_block] Processing node type: 10 at index 0
[debug] fact() called with n = -514.00
[Eval_IF evaluator] condition evaluates to: 1.00
[eval_block] Processing node type: 10 at index 0
[debug] fact() called with n = -515.00
[Eval_IF evaluator] condition evaluates to: 1.00
[eval_block] Processing node type: 10 at index 0
[debug] fact() called with n = -516.00
[Eval_IF evaluator] condition evaluates to: 1.00
[eval_block] Processing node type: 10 at index 0
[debug] fact() called with n = -517.00
[Eval_IF evaluator] condition evaluates to: 1.00
[eval_block] Processing node type: 10 at index 0
[debug] fact() called with n = -518.00
[Eval_IF evaluator] condition evaluates to: 1.00
[eval_block] Processing node type: 10 at index 0
[debug] fact() called with n = -519.00
[Eval_IF evaluator] condition evaluates to: 1.00
[eval_block] Processing node type: 10 at index 0
[debug] fact() called with n = -520.00
[Eval_IF evaluator] condition evaluates to: 1.00
[eval_block] Processing node type: 10 at index 0
[debug] fact() called with n = -521.00
[Eval_IF evaluator] condition evaluates to: 1.00
[eval_block] Processing node type: 10 at index 0
[debug] fact() called with n = -522.00
[Eval_IF evaluator] condition evaluates to: 1.00
[eval_block] Processing node type: 10 at index 0
[debug] fact() called with n = -523.00
[Eval_IF evaluator] condition evaluates to: 1.00
[eval_block] Processing node type: 10 at index 0
[debug] fact() called with n = -524.00
[Eval_IF evaluator] condition evaluates to: 1.00
[eval_block] Processing node type: 10 at index 0
[debug] fact() called with n = -525.00
[Eval_IF evaluator] condition evaluates to: 1.00
[eval_block] Processing node type: 10 at index 0
[debug] fact() called with n = -526.00
[Eval_IF evaluator] condition evaluates to: 1.00
[eval_block] Processing node type: 10 at index 0
[debug] fact() called with n = -527.00
[Eval_IF evaluator] condition evaluates to: 1.00
[eval_block] Processing node type: 10 at index 0
[debug] fact() called with n = -528.00
[Eval_IF evaluator] condition evaluates to: 1.00
[eval_block] Processing node type: 10 at index 0
[debug] fact() called with n = -529.00
[Eval_IF evaluator] condition evaluates to: 1.00
[eval_block] Processing node type: 10 at index 0
[debug] fact() called with n = -530.00
[Eval_IF evaluator] condition evaluates to: 1.00
[eval_block] Processing node type: 10 at index 0
[debug] fact() called with n = -531.00
[Eval_IF evaluator] condition evaluates to: 1.00
[eval_block] Processing node type: 10 at index 0
[debug] fact() called with n = -532.00
[Eval_IF evaluator] condition evaluates to: 1.00
[eval_block] Processing node type: 10 at index 0
[debug] fact() called with n = -533.00
[Eval_IF evaluator] condition evaluates to: 1.00
[eval_block] Processing node type: 10 at index 0
[debug] fact() called with n = -534.00
[Eval_IF evaluator] condition evaluates to: 1.00
[eval_block] Processing node type: 10 at index 0
[debug] fact() called with n = -535.00
[Eval_IF evaluator] condition evaluates to: 1.00
[eval_block] Processing node type: 10 at index 0
[debug] fact() called with n = -536.00
[Eval_IF evaluator] condition evaluates to: 1.00
[eval_block] Processing node type: 10 at index 0
[debug] fact() called with n = -537.00
[Eval_IF evaluator] condition evaluates to: 1.00
[eval_block] Processing node type: 10 at index 0
[debug] fact() called with n = -538.00
[Eval_IF evaluator] condition evaluates to: 1.00
[eval_block] Processing node type: 10 at index 0
[debug] fact() called with n = -539.00
[Eval_IF evaluator] condition evaluates to: 1.00
[eval_block] Processing node type: 10 at index 0
[debug] fact() called with n = -540.00
[Eval_IF evaluator] condition evaluates to: 1.00
[eval_block] Processing node type: 10 at index 0
[debug] fact() called with n = -541.00
[Eval_IF evaluator] condition evaluates to: 1.00
[eval_block] Processing node type: 10 at index 0
[debug] fact() called with n = -542.00
[Eval_IF evaluator] condition evaluates to: 1.00
[eval_block] Processing node type: 10 at index 0
[debug] fact() called with n = -543.00
[Eval_IF evaluator] condition evaluates to: 1.00
[eval_block] Processing node type: 10 at index 0
[debug] fact() called with n = -544.00
[Eval_IF evaluator] condition evaluates to: 1.00
[eval_block] Processing node type: 10 at index 0
[debug] fact() called with n = -545.00
[Eval_IF evaluator] condition evaluates to: 1.00
[eval_block] Processing node type: 10 at index 0
[debug] fact() called with n = -546.00
[Eval_IF evaluator] condition evaluates to: 1.00
[eval_block] Processing node type: 10 at index 0
[debug] fact() called with n = -547.00
[Eval_IF evaluator] condition evaluates to: 1.00
[eval_block] Processing node type: 10 at index 0
[debug] fact() called with n = -548.00
[Eval_IF evaluator] condition evaluates to: 1.00
[eval_block] Processing node type: 10 at index 0
[debug] fact() called with n = -549.00
[Eval_IF evaluator] condition evaluates to: 1.00
[eval_block] Processing node type: 10 at index 0
[debug] fact() called with n = -550.00
[Eval_IF evaluator] condition evaluates to: 1.00
[eval_block] Processing node type: 10 at index 0
[debug] fact() called with n = -551.00
[Eval_IF evaluator] condition evaluates to: 1.00
[eval_block] Processing node type: 10 at index 0
[debug] fact() called with n = -552.00
[Eval_IF evaluator] condition evaluates to: 1.00
[eval_block] Processing node type: 10 at index 0
[debug] fact() called with n = -553.00
[Eval_IF evaluator] condition evaluates to: 1.00
[eval_block] Processing node type: 10 at index 0
[debug] fact() called with n = -554.00
[Eval_IF evaluator] condition evaluates to: 1.00
[eval_block] Processing node type: 10 at index 0
[debug] fact() called with n = -555.00
[Eval_IF evaluator] condition evaluates to: 1.00
[eval_block] Processing node type: 10 at index 0
[debug] fact() called with n = -556.00
[Eval_IF evaluator] condition evaluates to: 1.00
[eval_block] Processing node type: 10 at index 0
[debug] fact() called with n = -557.00
[Eval_IF evaluator] condition evaluates to: 1.00
[eval_block] Processing node type: 10 at index 0
[debug] fact() called with n = -558.00
[Eval_IF evaluator] condition evaluates to: 1.00
[eval_block] Processing node type: 10 at index 0
[debug] fact() called with n = -559.00
[Eval_IF evaluator] condition evaluates to: 1.00
[eval_block] Processing node type: 10 at index 0
[debug] fact() called with n = -560.00
[Eval_IF evaluator] condition evaluates to: 1.00
[eval_block] Processing node type: 10 at index 0
[debug] fact() called with n = -561.00
[Eval_IF evaluator] condition evaluates to: 1.00
[eval_block] Processing node type: 10 at index 0
[debug] fact() called with n = -562.00
[Eval_IF evaluator] condition evaluates to: 1.00
[eval_block] Processing node type: 10 at index 0
[debug] fact() called with n = -563.00
[Eval_IF evaluator] condition evaluates to: 1.00
[eval_block] Processing node type: 10 at index 0
[debug] fact() called with n = -564.00
[Eval_IF evaluator] condition evaluates to: 1.00
[eval_block] Processing node type: 10 at index 0
[debug] fact() called with n = -565.00
[Eval_IF evaluator] condition evaluates to: 1.00
[eval_block] Processing node type: 10 at index 0
[debug] fact() called with n = -566.00
[Eval_IF evaluator] condition evaluates to: 1.00
[eval_block] Processing node type: 10 at index 0
[debug] fact() called with n = -567.00
[Eval_IF evaluator] condition evaluates to: 1.00
[eval_block] Processing node type: 10 at index 0
[debug] fact() called with n = -568.00
[Eval_IF evaluator] condition evaluates to: 1.00
[eval_block] Processing node type: 10 at index 0
[debug] fact() called with n = -569.00
[Eval_IF evaluator] condition evaluates to: 1.00
[eval_block] Processing node type: 10 at index 0
[debug] fact() called with n = -570.00
[Eval_IF evaluator] condition evaluates to: 1.00
[eval_block] Processing node type: 10 at index 0
[debug] fact() called with n = -571.00
[Eval_IF evaluator] condition evaluates to: 1.00
[eval_block] Processing node type: 10 at index 0
[debug] fact() called with n = -572.00
[Eval_IF evaluator] condition evaluates to: 1.00
[eval_block] Processing node type: 10 at index 0
[debug] fact() called with n = -573.00
[Eval_IF evaluator] condition evaluates to: 1.00
[eval_block] Processing node type: 10 at index 0
[debug] fact() called with n = -574.00
[Eval_IF evaluator] condition evaluates to: 1.00
[eval_block] Processing node type: 10 at index 0
[debug] fact() called with n = -575.00
[Eval_IF evaluator] condition evaluates to: 1.00
[eval_block] Processing node type: 10 at index 0
[debug] fact() called with n = -576.00
[Eval_IF evaluator] condition evaluates to: 1.00
[eval_block] Processing node type: 10 at index 0
[debug] fact() called with n = -577.00
[Eval_IF evaluator] condition evaluates to: 1.00
[eval_block] Processing node type: 10 at index 0
[debug] fact() called with n = -578.00
[Eval_IF evaluator] condition evaluates to: 1.00
[eval_block] Processing node type: 10 at index 0
[debug] fact() called with n = -579.00
[Eval_IF evaluator] condition evaluates to: 1.00
[eval_block] Processing node type: 10 at index 0
[debug] fact() called with n = -580.00
[Eval_IF evaluator] condition evaluates to: 1.00
[eval_block] Processing node type: 10 at index 0
[debug] fact() called with n = -581.00
[Eval_IF evaluator] condition evaluates to: 1.00
[eval_block] Processing node type: 10 at index 0
[debug] fact() called with n = -582.00
[Eval_IF evaluator] condition evaluates to: 1.00
[eval_block] Processing node type: 10 at index 0
[debug] fact() called with n = -583.00
[Eval_IF evaluator] condition evaluates to: 1.00
[eval_block] Processing node type: 10 at index 0
[debug] fact() called with n = -584.00
[Eval_IF evaluator] condition evaluates to: 1.00
[eval_block] Processing node type: 10 at index 0
[debug] fact() called with n = -585.00
[Eval_IF evaluator] condition evaluates to: 1.00
[eval_block] Processing node type: 10 at index 0
[debug] fact() called with n = -586.00
[Eval_IF evaluator] condition evaluates to: 1.00
[eval_block] Processing node type: 10 at index 0
[debug] fact() called with n = -587.00
[Eval_IF evaluator] condition evaluates to: 1.00
[eval_block] Processing node type: 10 at index 0
[debug] fact() called with n = -588.00
[Eval_IF evaluator] condition evaluates to: 1.00
[eval_block] Processing node type: 10 at index 0
[debug] fact() called with n = -589.00
[Eval_IF evaluator] condition evaluates to: 1.00
[eval_block] Processing node type: 10 at index 0
[debug] fact() called with n = -590.00
[Eval_IF evaluator] condition evaluates to: 1.00
[eval_block] Processing node type: 10 at index 0
[debug] fact() called with n = -591.00
[Eval_IF evaluator] condition evaluates to: 1.00
[eval_block] Processing node type: 10 at index 0
[debug] fact() called with n = -592.00
[Eval_IF evaluator] condition evaluates to: 1.00
[eval_block] Processing node type: 10 at index 0
[debug] fact() called with n = -593.00
[Eval_IF evaluator] condition evaluates to: 1.00
[eval_block] Processing node type: 10 at index 0
[debug] fact() called with n = -594.00
[Eval_IF evaluator] condition evaluates to: 1.00
[eval_block] Processing node type: 10 at index 0
[debug] fact() called with n = -595.00
[Eval_IF evaluator] condition evaluates to: 1.00
[eval_block] Processing node type: 10 at index 0
[debug] fact() called with n = -596.00
[Eval_IF evaluator] condition evaluates to: 1.00
[eval_block] Processing node type: 10 at index 0
[debug] fact() called with n = -597.00
[Eval_IF evaluator] condition evaluates to: 1.00
[eval_block] Processing node type: 10 at index 0
[debug] fact() called with n = -598.00
[Eval_IF evaluator] condition evaluates to: 1.00
[eval_block] Processing node type: 10 at index 0
[debug] fact() called with n = -599.00
[Eval_IF evaluator] condition evaluates to: 1.00
[eval_block] Processing node type: 10 at index 0
[debug] fact() called with n = -600.00
[Eval_IF evaluator] condition evaluates to: 1.00
[eval_block] Processing node type: 10 at index 0
[debug] fact() called with n = -601.00
[Eval_IF evaluator] condition evaluates to: 1.00
[eval_block] Processing node type: 10 at index 0
[debug] fact() called with n = -602.00
[Eval_IF evaluator] condition evaluates to: 1.00
[eval_block] Processing node type: 10 at index 0
[debug] fact() called with n = -603.00
[Eval_IF evaluator] condition evaluates to: 1.00
[eval_block] Processing node type: 10 at index 0
[debug] fact() called with n = -604.00
[Eval_IF evaluator] condition evaluates to: 1.00
[eval_block] Processing node type: 10 at index 0
[debug] fact() called with n = -605.00
[Eval_IF evaluator] condition evaluates to: 1.00
[eval_block] Processing node type: 10 at index 0
[debug] fact() called with n = -606.00
[Eval_IF evaluator] condition evaluates to: 1.00
[eval_block] Processing node type: 10 at index 0
[debug] fact() called with n = -607.00
[Eval_IF evaluator] condition evaluates to: 1.00
[eval_block] Processing node type: 10 at index 0
[debug] fact() called with n = -608.00
[Eval_IF evaluator] condition evaluates to: 1.00
[eval_block] Processing node type: 10 at index 0
[debug] fact() called with n = -609.00
[Eval_IF evaluator] condition evaluates to: 1.00
[eval_block] Processing node type: 10 at index 0
[debug] fact() called with n = -610.00
[Eval_IF evaluator] condition evaluates to: 1.00
[eval_block] Processing node type: 10 at index 0
[debug] fact() called with n = -611.00
[Eval_IF evaluator] condition evaluates to: 1.00
[eval_block] Processing node type: 10 at index 0
[debug] fact() called with n = -612.00
[Eval_IF evaluator] condition evaluates to: 1.00
[eval_block] Processing node type: 10 at index 0
[debug] fact() called with n = -613.00
[Eval_IF evaluator] condition evaluates to: 1.00
[eval_block] Processing node type: 10 at index 0
[debug] fact() called with n = -614.00
[Eval_IF evaluator] condition evaluates to: 1.00
[eval_block] Processing node type: 10 at index 0
[debug] fact() called with n = -615.00
[Eval_IF evaluator] condition evaluates to: 1.00
[eval_block] Processing node type: 10 at index 0
[debug] fact() called with n = -616.00
[Eval_IF evaluator] condition evaluates to: 1.00
[eval_block] Processing node type: 10 at index 0
[debug] fact() called with n = -617.00
[Eval_IF evaluator] condition evaluates to: 1.00
[eval_block] Processing node type: 10 at index 0
[debug] fact() called with n = -618.00
[Eval_IF evaluator] condition evaluates to: 1.00
[eval_block] Processing node type: 10 at index 0
[debug] fact() called with n = -619.00
[Eval_IF evaluator] condition evaluates to: 1.00
[eval_block] Processing node type: 10 at index 0
[debug] fact() called with n = -620.00
[Eval_IF evaluator] condition evaluates to: 1.00
[eval_block] Processing node type: 10 at index 0
[debug] fact() called with n = -621.00
[Eval_IF evaluator] condition evaluates to: 1.00
[eval_block] Processing node type: 10 at index 0
[debug] fact() called with n = -622.00
[Eval_IF evaluator] condition evaluates to: 1.00
[eval_block] Processing node type: 10 at index 0
[debug] fact() called with n = -623.00
[Eval_IF evaluator] condition evaluates to: 1.00
[eval_block] Processing node type: 10 at index 0
[debug] fact() called with n = -624.00
[Eval_IF evaluator] condition evaluates to: 1.00
[eval_block] Processing node type: 10 at index 0
[debug] fact() called with n = -625.00
[Eval_IF evaluator] condition evaluates to: 1.00
[eval_block] Processing node type: 10 at index 0
[debug] fact() called with n = -626.00
[Eval_IF evaluator] condition evaluates to: 1.00
[eval_block] Processing node type: 10 at index 0
[debug] fact() called with n = -627.00
[Eval_IF evaluator] condition evaluates to: 1.00
[eval_block] Processing node type: 10 at index 0
[debug] fact() called with n = -628.00
[Eval_IF evaluator] condition evaluates to: 1.00
[eval_block] Processing node type: 10 at index 0
[debug] fact() called with n = -629.00
[Eval_IF evaluator] condition evaluates to: 1.00
[eval_block] Processing node type: 10 at index 0
[debug] fact() called with n = -630.00
[Eval_IF evaluator] condition evaluates to: 1.00
[eval_block] Processing node type: 10 at index 0
[debug] fact() called with n = -631.00
[Eval_IF evaluator] condition evaluates to: 1.00
[eval_block] Processing node type: 10 at index 0
[debug] fact() called with n = -632.00
[Eval_IF evaluator] condition evaluates to: 1.00
[eval_block] Processing node type: 10 at index 0
[debug] fact() called with n = -633.00
[Eval_IF evaluator] condition evaluates to: 1.00
[eval_block] Processing node type: 10 at index 0
[debug] fact() called with n = -634.00
[Eval_IF evaluator] condition evaluates to: 1.00
[eval_block] Processing node type: 10 at index 0
[debug] fact() called with n = -635.00
[Eval_IF evaluator] condition evaluates to: 1.00
[eval_block] Processing node type: 10 at index 0
[debug] fact() called with n = -636.00
[Eval_IF evaluator] condition evaluates to: 1.00
[eval_block] Processing node type: 10 at index 0
[debug] fact() called with n = -637.00
[Eval_IF evaluator] condition evaluates to: 1.00
[eval_block] Processing node type: 10 at index 0
[debug] fact() called with n = -638.00
[Eval_IF evaluator] condition evaluates to: 1.00
[eval_block] Processing node type: 10 at index 0
[debug] fact() called with n = -639.00
[Eval_IF evaluator] condition evaluates to: 1.00
[eval_block] Processing node type: 10 at index 0
[debug] fact() called with n = -640.00
[Eval_IF evaluator] condition evaluates to: 1.00
[eval_block] Processing node type: 10 at index 0
[debug] fact() called with n = -641.00
[Eval_IF evaluator] condition evaluates to: 1.00
[eval_block] Processing node type: 10 at index 0
[debug] fact() called with n = -642.00
[Eval_IF evaluator] condition evaluates to: 1.00
[eval_block] Processing node type: 10 at index 0
[debug] fact() called with n = -643.00
[Eval_IF evaluator] condition evaluates to: 1.00
[eval_block] Processing node type: 10 at index 0
[debug] fact() called with n = -644.00
[Eval_IF evaluator] condition evaluates to: 1.00
[eval_block] Processing node type: 10 at index 0
[debug] fact() called with n = -645.00
[Eval_IF evaluator] condition evaluates to: 1.00
[eval_block] Processing node type: 10 at index 0
[debug] fact() called with n = -646.00
[Eval_IF evaluator] condition evaluates to: 1.00
[eval_block] Processing node type: 10 at index 0
[debug] fact() called with n = -647.00
[Eval_IF evaluator] condition evaluates to: 1.00
[eval_block] Processing node type: 10 at index 0
[debug] fact() called with n = -648.00
[Eval_IF evaluator] condition evaluates to: 1.00
[eval_block] Processing node type: 10 at index 0
[debug] fact() called with n = -649.00
[Eval_IF evaluator] condition evaluates to: 1.00
[eval_block] Processing node type: 10 at index 0
[debug] fact() called with n = -650.00
[Eval_IF evaluator] condition evaluates to: 1.00
[eval_block] Processing node type: 10 at index 0
[debug] fact() called with n = -651.00
[Eval_IF evaluator] condition evaluates to: 1.00
[eval_block] Processing node type: 10 at index 0
[debug] fact() called with n = -652.00
[Eval_IF evaluator] condition evaluates to: 1.00
[eval_block] Processing node type: 10 at index 0
[debug] fact() called with n = -653.00
[Eval_IF evaluator] condition evaluates to: 1.00
[eval_block] Processing node type: 10 at index 0
[debug] fact() called with n = -654.00
[Eval_IF evaluator] condition evaluates to: 1.00
[eval_block] Processing node type: 10 at index 0
[debug] fact() called with n = -655.00
[Eval_IF evaluator] condition evaluates to: 1.00
[eval_block] Processing node type: 10 at index 0
[debug] fact() called with n = -656.00
[Eval_IF evaluator] condition evaluates to: 1.00
[eval_block] Processing node type: 10 at index 0
[debug] fact() called with n = -657.00
[Eval_IF evaluator] condition evaluates to: 1.00
[eval_block] Processing node type: 10 at index 0
[debug] fact() called with n = -658.00
[Eval_IF evaluator] condition evaluates to: 1.00
[eval_block] Processing node type: 10 at index 0
[debug] fact() called with n = -659.00
[Eval_IF evaluator] condition evaluates to: 1.00
[eval_block] Processing node type: 10 at index 0
[debug] fact() called with n = -660.00
[Eval_IF evaluator] condition evaluates to: 1.00
[eval_block] Processing node type: 10 at index 0
[debug] fact() called with n = -661.00
[Eval_IF evaluator] condition evaluates to: 1.00
[eval_block] Processing node type: 10 at index 0
[debug] fact() called with n = -662.00
[Eval_IF evaluator] condition evaluates to: 1.00
[eval_block] Processing node type: 10 at index 0
[debug] fact() called with n = -663.00
[Eval_IF evaluator] condition evaluates to: 1.00
[eval_block] Processing node type: 10 at index 0
[debug] fact() called with n = -664.00
[Eval_IF evaluator] condition evaluates to: 1.00
[eval_block] Processing node type: 10 at index 0
[debug] fact() called with n = -665.00
[Eval_IF evaluator] condition evaluates to: 1.00
[eval_block] Processing node type: 10 at index 0
[debug] fact() called with n = -666.00
[Eval_IF evaluator] condition evaluates to: 1.00
[eval_block] Processing node type: 10 at index 0
[debug] fact() called with n = -667.00
[Eval_IF evaluator] condition evaluates to: 1.00
[eval_block] Processing node type: 10 at index 0
[debug] fact() called with n = -668.00
[Eval_IF evaluator] condition evaluates to: 1.00
[eval_block] Processing node type: 10 at index 0
[debug] fact() called with n = -669.00
[Eval_IF evaluator] condition evaluates to: 1.00
[eval_block] Processing node type: 10 at index 0
[debug] fact() called with n = -670.00
[Eval_IF evaluator] condition evaluates to: 1.00
[eval_block] Processing node type: 10 at index 0
[debug] fact() called with n = -671.00
[Eval_IF evaluator] condition evaluates to: 1.00
[eval_block] Processing node type: 10 at index 0
[debug] fact() called with n = -672.00
[Eval_IF evaluator] condition evaluates to: 1.00
[eval_block] Processing node type: 10 at index 0
[debug] fact() called with n = -673.00
[Eval_IF evaluator] condition evaluates to: 1.00
[eval_block] Processing node type: 10 at index 0
[debug] fact() called with n = -674.00
[Eval_IF evaluator] condition evaluates to: 1.00
[eval_block] Processing node type: 10 at index 0
[debug] fact() called with n = -675.00
[Eval_IF evaluator] condition evaluates to: 1.00
[eval_block] Processing node type: 10 at index 0
[debug] fact() called with n = -676.00
[Eval_IF evaluator] condition evaluates to: 1.00
[eval_block] Processing node type: 10 at index 0
[debug] fact() called with n = -677.00
[Eval_IF evaluator] condition evaluates to: 1.00
[eval_block] Processing node type: 10 at index 0
[debug] fact() called with n = -678.00
[Eval_IF evaluator] condition evaluates to: 1.00
[eval_block] Processing node type: 10 at index 0
[debug] fact() called with n = -679.00
[Eval_IF evaluator] condition evaluates to: 1.00
[eval_block] Processing node type: 10 at index 0
[debug] fact() called with n = -680.00
[Eval_IF evaluator] condition evaluates to: 1.00
[eval_block] Processing node type: 10 at index 0
[debug] fact() called with n = -681.00
[Eval_IF evaluator] condition evaluates to: 1.00
[eval_block] Processing node type: 10 at index 0
[debug] fact() called with n = -682.00
[Eval_IF evaluator] condition evaluates to: 1.00
[eval_block] Processing node type: 10 at index 0
[debug] fact() called with n = -683.00
[Eval_IF evaluator] condition evaluates to: 1.00
[eval_block] Processing node type: 10 at index 0
[debug] fact() called with n = -684.00
[Eval_IF evaluator] condition evaluates to: 1.00
[eval_block] Processing node type: 10 at index 0
[debug] fact() called with n = -685.00
[Eval_IF evaluator] condition evaluates to: 1.00
[eval_block] Processing node type: 10 at index 0
[debug] fact() called with n = -686.00
[Eval_IF evaluator] condition evaluates to: 1.00
[eval_block] Processing node type: 10 at index 0
[debug] fact() called with n = -687.00
[Eval_IF evaluator] condition evaluates to: 1.00
[eval_block] Processing node type: 10 at index 0
[debug] fact() called with n = -688.00
[Eval_IF evaluator] condition evaluates to: 1.00
[eval_block] Processing node type: 10 at index 0
[debug] fact() called with n = -689.00
[Eval_IF evaluator] condition evaluates to: 1.00
[eval_block] Processing node type: 10 at index 0
[debug] fact() called with n = -690.00
[Eval_IF evaluator] condition evaluates to: 1.00
[eval_block] Processing node type: 10 at index 0
[debug] fact() called with n = -691.00
[Eval_IF evaluator] condition evaluates to: 1.00
[eval_block] Processing node type: 10 at index 0
[debug] fact() called with n = -692.00
[Eval_IF evaluator] condition evaluates to: 1.00
[eval_block] Processing node type: 10 at index 0
[debug] fact() called with n = -693.00
[Eval_IF evaluator] condition evaluates to: 1.00
[eval_block] Processing node type: 10 at index 0
[debug] fact() called with n = -694.00
[Eval_IF evaluator] condition evaluates to: 1.00
[eval_block] Processing node type: 10 at index 0
[debug] fact() called with n = -695.00
[Eval_IF evaluator] condition evaluates to: 1.00
[eval_block] Processing node type: 10 at index 0
[debug] fact() called with n = -696.00
[Eval_IF evaluator] condition evaluates to: 1.00
[eval_block] Processing node type: 10 at index 0
[debug] fact() called with n = -697.00
[Eval_IF evaluator] condition evaluates to: 1.00
[eval_block] Processing node type: 10 at index 0
[debug] fact() called with n = -698.00
[Eval_IF evaluator] condition evaluates to: 1.00
[eval_block] Processing node type: 10 at index 0
[debug] fact() called with n = -699.00
[Eval_IF evaluator] condition evaluates to: 1.00
[eval_block] Processing node type: 10 at index 0
[debug] fact() called with n = -700.00
[Eval_IF evaluator] condition evaluates to: 1.00
[eval_block] Processing node type: 10 at index 0
[debug] fact() called with n = -701.00
[Eval_IF evaluator] condition evaluates to: 1.00
[eval_block] Processing node type: 10 at index 0
[debug] fact() called with n = -702.00
[Eval_IF evaluator] condition evaluates to: 1.00
[eval_block] Processing node type: 10 at index 0
[debug] fact() called with n = -703.00
[Eval_IF evaluator] condition evaluates to: 1.00
[eval_block] Processing node type: 10 at index 0
[debug] fact() called with n = -704.00
[Eval_IF evaluator] condition evaluates to: 1.00
[eval_block] Processing node type: 10 at index 0
[debug] fact() called with n = -705.00
[Eval_IF evaluator] condition evaluates to: 1.00
[eval_block] Processing node type: 10 at index 0
[debug] fact() called with n = -706.00
[Eval_IF evaluator] condition evaluates to: 1.00
[eval_block] Processing node type: 10 at index 0
[debug] fact() called with n = -707.00
[Eval_IF evaluator] condition evaluates to: 1.00
[eval_block] Processing node type: 10 at index 0
[debug] fact() called with n = -708.00
[Eval_IF evaluator] condition evaluates to: 1.00
[eval_block] Processing node type: 10 at index 0
[debug] fact() called with n = -709.00
[Eval_IF evaluator] condition evaluates to: 1.00
[eval_block] Processing node type: 10 at index 0
[debug] fact() called with n = -710.00
[Eval_IF evaluator] condition evaluates to: 1.00
[eval_block] Processing node type: 10 at index 0
[debug] fact() called with n = -711.00
[Eval_IF evaluator] condition evaluates to: 1.00
[eval_block] Processing node type: 10 at index 0
[debug] fact() called with n = -712.00
[Eval_IF evaluator] condition evaluates to: 1.00
[eval_block] Processing node type: 10 at index 0
[debug] fact() called with n = -713.00
[Eval_IF evaluator] condition evaluates to: 1.00
[eval_block] Processing node type: 10 at index 0
[debug] fact() called with n = -714.00
[Eval_IF evaluator] condition evaluates to: 1.00
[eval_block] Processing node type: 10 at index 0
[debug] fact() called with n = -715.00
[Eval_IF evaluator] condition evaluates to: 1.00
[eval_block] Processing node type: 10 at index 0
[debug] fact() called with n = -716.00
[Eval_IF evaluator] condition evaluates to: 1.00
[eval_block] Processing node type: 10 at index 0
[debug] fact() called with n = -717.00
[Eval_IF evaluator] condition evaluates to: 1.00
[eval_block] Processing node type: 10 at index 0
[debug] fact() called with n = -718.00
[Eval_IF evaluator] condition evaluates to: 1.00
[eval_block] Processing node type: 10 at index 0
[debug] fact() called with n = -719.00
[Eval_IF evaluator] condition evaluates to: 1.00
[eval_block] Processing node type: 10 at index 0
[debug] fact() called with n = -720.00
[Eval_IF evaluator] condition evaluates to: 1.00
[eval_block] Processing node type: 10 at index 0
[debug] fact() called with n = -721.00
[Eval_IF evaluator] condition evaluates to: 1.00
[eval_block] Processing node type: 10 at index 0
[debug] fact() called with n = -722.00
[Eval_IF evaluator] condition evaluates to: 1.00
[eval_block] Processing node type: 10 at index 0
[debug] fact() called with n = -723.00
[Eval_IF evaluator] condition evaluates to: 1.00
[eval_block] Processing node type: 10 at index 0
[debug] fact() called with n = -724.00
[Eval_IF evaluator] condition evaluates to: 1.00
[eval_block] Processing node type: 10 at index 0
[debug] fact() called with n = -725.00
[Eval_IF evaluator] condition evaluates to: 1.00
[eval_block] Processing node type: 10 at index 0
[debug] fact() called with n = -726.00
[Eval_IF evaluator] condition evaluates to: 1.00
[eval_block] Processing node type: 10 at index 0
[debug] fact() called with n = -727.00
[Eval_IF evaluator] condition evaluates to: 1.00
[eval_block] Processing node type: 10 at index 0
[debug] fact() called with n = -728.00
[Eval_IF evaluator] condition evaluates to: 1.00
[eval_block] Processing node type: 10 at index 0
[debug] fact() called with n = -729.00
[Eval_IF evaluator] condition evaluates to: 1.00
[eval_block] Processing node type: 10 at index 0
[debug] fact() called with n = -730.00
[Eval_IF evaluator] condition evaluates to: 1.00
[eval_block] Processing node type: 10 at index 0
[debug] fact() called with n = -731.00
[Eval_IF evaluator] condition evaluates to: 1.00
[eval_block] Processing node type: 10 at index 0
[debug] fact() called with n = -732.00
[Eval_IF evaluator] condition evaluates to: 1.00
[eval_block] Processing node type: 10 at index 0
[debug] fact() called with n = -733.00
[Eval_IF evaluator] condition evaluates to: 1.00
[eval_block] Processing node type: 10 at index 0
[debug] fact() called with n = -734.00
[Eval_IF evaluator] condition evaluates to: 1.00
[eval_block] Processing node type: 10 at index 0
[debug] fact() called with n = -735.00
[Eval_IF evaluator] condition evaluates to: 1.00
[eval_block] Processing node type: 10 at index 0
[debug] fact() called with n = -736.00
[Eval_IF evaluator] condition evaluates to: 1.00
[eval_block] Processing node type: 10 at index 0
[debug] fact() called with n = -737.00
[Eval_IF evaluator] condition evaluates to: 1.00
[eval_block] Processing node type: 10 at index 0
[debug] fact() called with n = -738.00
[Eval_IF evaluator] condition evaluates to: 1.00
[eval_block] Processing node type: 10 at index 0
[debug] fact() called with n = -739.00
[Eval_IF evaluator] condition evaluates to: 1.00
[eval_block] Processing node type: 10 at index 0
[debug] fact() called with n = -740.00
[Eval_IF evaluator] condition evaluates to: 1.00
[eval_block] Processing node type: 10 at index 0
[debug] fact() called with n = -741.00
[Eval_IF evaluator] condition evaluates to: 1.00
[eval_block] Processing node type: 10 at index 0
[debug] fact() called with n = -742.00
[Eval_IF evaluator] condition evaluates to: 1.00
[eval_block] Processing node type: 10 at index 0
[debug] fact() called with n = -743.00
[Eval_IF evaluator] condition evaluates to: 1.00
[eval_block] Processing node type: 10 at index 0
[debug] fact() called with n = -744.00
[Eval_IF evaluator] condition evaluates to: 1.00
[eval_block] Processing node type: 10 at index 0
[debug] fact() called with n = -745.00
[Eval_IF evaluator] condition evaluates to: 1.00
[eval_block] Processing node type: 10 at index 0
[debug] fact() called with n = -746.00
[Eval_IF evaluator] condition evaluates to: 1.00
[eval_block] Processing node type: 10 at index 0
[debug] fact() called with n = -747.00
[Eval_IF evaluator] condition evaluates to: 1.00
[eval_block] Processing node type: 10 at index 0
[debug] fact() called with n = -748.00
[Eval_IF evaluator] condition evaluates to: 1.00
[eval_block] Processing node type: 10 at index 0
[debug] fact() called with n = -749.00
[Eval_IF evaluator] condition evaluates to: 1.00
[eval_block] Processing node type: 10 at index 0
[debug] fact() called with n = -750.00
[Eval_IF evaluator] condition evaluates to: 1.00
[eval_block] Processing node type: 10 at index 0
[debug] fact() called with n = -751.00
[Eval_IF evaluator] condition evaluates to: 1.00
[eval_block] Processing node type: 10 at index 0
[debug] fact() called with n = -752.00
[Eval_IF evaluator] condition evaluates to: 1.00
[eval_block] Processing node type: 10 at index 0
[debug] fact() called with n = -753.00
[Eval_IF evaluator] condition evaluates to: 1.00
[eval_block] Processing node type: 10 at index 0
[debug] fact() called with n = -754.00
[Eval_IF evaluator] condition evaluates to: 1.00
[eval_block] Processing node type: 10 at index 0
[debug] fact() called with n = -755.00
[Eval_IF evaluator] condition evaluates to: 1.00
[eval_block] Processing node type: 10 at index 0
[debug] fact() called with n = -756.00
[Eval_IF evaluator] condition evaluates to: 1.00
[eval_block] Processing node type: 10 at index 0
[debug] fact() called with n = -757.00
[Eval_IF evaluator] condition evaluates to: 1.00
[eval_block] Processing node type: 10 at index 0
[debug] fact() called with n = -758.00
[Eval_IF evaluator] condition evaluates to: 1.00
[eval_block] Processing node type: 10 at index 0
[debug] fact() called with n = -759.00
[Eval_IF evaluator] condition evaluates to: 1.00
[eval_block] Processing node type: 10 at index 0
[debug] fact() called with n = -760.00
[Eval_IF evaluator] condition evaluates to: 1.00
[eval_block] Processing node type: 10 at index 0
[debug] fact() called with n = -761.00
[Eval_IF evaluator] condition evaluates to: 1.00
[eval_block] Processing node type: 10 at index 0
[debug] fact() called with n = -762.00
[Eval_IF evaluator] condition evaluates to: 1.00
[eval_block] Processing node type: 10 at index 0
[debug] fact() called with n = -763.00
[Eval_IF evaluator] condition evaluates to: 1.00
[eval_block] Processing node type: 10 at index 0
[debug] fact() called with n = -764.00
[Eval_IF evaluator] condition evaluates to: 1.00
[eval_block] Processing node type: 10 at index 0
[debug] fact() called with n = -765.00
[Eval_IF evaluator] condition evaluates to: 1.00
[eval_block] Processing node type: 10 at index 0
[debug] fact() called with n = -766.00
[Eval_IF evaluator] condition evaluates to: 1.00
[eval_block] Processing node type: 10 at index 0
[debug] fact() called with n = -767.00
[Eval_IF evaluator] condition evaluates to: 1.00
[eval_block] Processing node type: 10 at index 0
[debug] fact() called with n = -768.00
[Eval_IF evaluator] condition evaluates to: 1.00
[eval_block] Processing node type: 10 at index 0
[debug] fact() called with n = -769.00
[Eval_IF evaluator] condition evaluates to: 1.00
[eval_block] Processing node type: 10 at index 0
[debug] fact() called with n = -770.00
[Eval_IF evaluator] condition evaluates to: 1.00
[eval_block] Processing node type: 10 at index 0
[debug] fact() called with n = -771.00
[Eval_IF evaluator] condition evaluates to: 1.00
[eval_block] Processing node type: 10 at index 0
[debug] fact() called with n = -772.00
[Eval_IF evaluator] condition evaluates to: 1.00
[eval_block] Processing node type: 10 at index 0
[debug] fact() called with n = -773.00
[Eval_IF evaluator] condition evaluates to: 1.00
[eval_block] Processing node type: 10 at index 0
[debug] fact() called with n = -774.00
[Eval_IF evaluator] condition evaluates to: 1.00
[eval_block] Processing node type: 10 at index 0
[debug] fact() called with n = -775.00
[Eval_IF evaluator] condition evaluates to: 1.00
[eval_block] Processing node type: 10 at index 0
[debug] fact() called with n = -776.00
[Eval_IF evaluator] condition evaluates to: 1.00
[eval_block] Processing node type: 10 at index 0
[debug] fact() called with n = -777.00
[Eval_IF evaluator] condition evaluates to: 1.00
[eval_block] Processing node type: 10 at index 0
[debug] fact() called with n = -778.00
[Eval_IF evaluator] condition evaluates to: 1.00
[eval_block] Processing node type: 10 at index 0
[debug] fact() called with n = -779.00
[Eval_IF evaluator] condition evaluates to: 1.00
[eval_block] Processing node type: 10 at index 0
[debug] fact() called with n = -780.00
[Eval_IF evaluator] condition evaluates to: 1.00
[eval_block] Processing node type: 10 at index 0
[debug] fact() called with n = -781.00
[Eval_IF evaluator] condition evaluates to: 1.00
[eval_block] Processing node type: 10 at index 0
[debug] fact() called with n = -782.00
[Eval_IF evaluator] condition evaluates to: 1.00
[eval_block] Processing node type: 10 at index 0
[debug] fact() called with n = -783.00
[Eval_IF evaluator] condition evaluates to: 1.00
[eval_block] Processing node type: 10 at index 0
[debug] fact() called with n = -784.00
[Eval_IF evaluator] condition evaluates to: 1.00
[eval_block] Processing node type: 10 at index 0
[debug] fact() called with n = -785.00
[Eval_IF evaluator] condition evaluates to: 1.00
[eval_block] Processing node type: 10 at index 0
[debug] fact() called with n = -786.00
[Eval_IF evaluator] condition evaluates to: 1.00
[eval_block] Processing node type: 10 at index 0
[debug] fact() called with n = -787.00
[Eval_IF evaluator] condition evaluates to: 1.00
[eval_block] Processing node type: 10 at index 0
[debug] fact() called with n = -788.00
[Eval_IF evaluator] condition evaluates to: 1.00
[eval_block] Processing node type: 10 at index 0
[debug] fact() called with n = -789.00
[Eval_IF evaluator] condition evaluates to: 1.00
[eval_block] Processing node type: 10 at index 0
[debug] fact() called with n = -790.00
[Eval_IF evaluator] condition evaluates to: 1.00
[eval_block] Processing node type: 10 at index 0
[debug] fact() called with n = -791.00
[Eval_IF evaluator] condition evaluates to: 1.00
[eval_block] Processing node type: 10 at index 0
[debug] fact() called with n = -792.00
[Eval_IF evaluator] condition evaluates to: 1.00
[eval_block] Processing node type: 10 at index 0
[debug] fact() called with n = -793.00
[Eval_IF evaluator] condition evaluates to: 1.00
[eval_block] Processing node type: 10 at index 0
[debug] fact() called with n = -794.00
[Eval_IF evaluator] condition evaluates to: 1.00
[eval_block] Processing node type: 10 at index 0
[debug] fact() called with n = -795.00
[Eval_IF evaluator] condition evaluates to: 1.00
[eval_block] Processing node type: 10 at index 0
[debug] fact() called with n = -796.00
[Eval_IF evaluator] condition evaluates to: 1.00
[eval_block] Processing node type: 10 at index 0
[debug] fact() called with n = -797.00
[Eval_IF evaluator] condition evaluates to: 1.00
[eval_block] Processing node type: 10 at index 0
[debug] fact() called with n = -798.00
[Eval_IF evaluator] condition evaluates to: 1.00
[eval_block] Processing node type: 10 at index 0
[debug] fact() called with n = -799.00
[Eval_IF evaluator] condition evaluates to: 1.00
[eval_block] Processing node type: 10 at index 0
[debug] fact() called with n = -800.00
[Eval_IF evaluator] condition evaluates to: 1.00
[eval_block] Processing node type: 10 at index 0
[debug] fact() called with n = -801.00
[Eval_IF evaluator] condition evaluates to: 1.00
[eval_block] Processing node type: 10 at index 0
[debug] fact() called with n = -802.00
[Eval_IF evaluator] condition evaluates to: 1.00
[eval_block] Processing node type: 10 at index 0
[debug] fact() called with n = -803.00
[Eval_IF evaluator] condition evaluates to: 1.00
[eval_block] Processing node type: 10 at index 0
[debug] fact() called with n = -804.00
[Eval_IF evaluator] condition evaluates to: 1.00
[eval_block] Processing node type: 10 at index 0
[debug] fact() called with n = -805.00
[Eval_IF evaluator] condition evaluates to: 1.00
[eval_block] Processing node type: 10 at index 0
[debug] fact() called with n = -806.00
[Eval_IF evaluator] condition evaluates to: 1.00
[eval_block] Processing node type: 10 at index 0
[debug] fact() called with n = -807.00
[Eval_IF evaluator] condition evaluates to: 1.00
[eval_block] Processing node type: 10 at index 0
[debug] fact() called with n = -808.00
[Eval_IF evaluator] condition evaluates to: 1.00
[eval_block] Processing node type: 10 at index 0
[debug] fact() called with n = -809.00
[Eval_IF evaluator] condition evaluates to: 1.00
[eval_block] Processing node type: 10 at index 0
[debug] fact() called with n = -810.00
[Eval_IF evaluator] condition evaluates to: 1.00
[eval_block] Processing node type: 10 at index 0
[debug] fact() called with n = -811.00
[Eval_IF evaluator] condition evaluates to: 1.00
[eval_block] Processing node type: 10 at index 0
[debug] fact() called with n = -812.00
[Eval_IF evaluator] condition evaluates to: 1.00
[eval_block] Processing node type: 10 at index 0
[debug] fact() called with n = -813.00
[Eval_IF evaluator] condition evaluates to: 1.00
[eval_block] Processing node type: 10 at index 0
[debug] fact() called with n = -814.00
[Eval_IF evaluator] condition evaluates to: 1.00
[eval_block] Processing node type: 10 at index 0
[debug] fact() called with n = -815.00
[Eval_IF evaluator] condition evaluates to: 1.00
[eval_block] Processing node type: 10 at index 0
[debug] fact() called with n = -816.00
[Eval_IF evaluator] condition evaluates to: 1.00
[eval_block] Processing node type: 10 at index 0
[debug] fact() called with n = -817.00
[Eval_IF evaluator] condition evaluates to: 1.00
[eval_block] Processing node type: 10 at index 0
[debug] fact() called with n = -818.00
[Eval_IF evaluator] condition evaluates to: 1.00
[eval_block] Processing node type: 10 at index 0
[debug] fact() called with n = -819.00
[Eval_IF evaluator] condition evaluates to: 1.00
[eval_block] Processing node type: 10 at index 0
[debug] fact() called with n = -820.00
[Eval_IF evaluator] condition evaluates to: 1.00
[eval_block] Processing node type: 10 at index 0
[debug] fact() called with n = -821.00
[Eval_IF evaluator] condition evaluates to: 1.00
[eval_block] Processing node type: 10 at index 0
[debug] fact() called with n = -822.00
[Eval_IF evaluator] condition evaluates to: 1.00
[eval_block] Processing node type: 10 at index 0
[debug] fact() called with n = -823.00
[Eval_IF evaluator] condition evaluates to: 1.00
[eval_block] Processing node type: 10 at index 0
[debug] fact() called with n = -824.00
[Eval_IF evaluator] condition evaluates to: 1.00
[eval_block] Processing node type: 10 at index 0
[debug] fact() called with n = -825.00
[Eval_IF evaluator] condition evaluates to: 1.00
[eval_block] Processing node type: 10 at index 0
[debug] fact() called with n = -826.00
[Eval_IF evaluator] condition evaluates to: 1.00
[eval_block] Processing node type: 10 at index 0
[debug] fact() called with n = -827.00
[Eval_IF evaluator] condition evaluates to: 1.00
[eval_block] Processing node type: 10 at index 0
[debug] fact() called with n = -828.00
[Eval_IF evaluator] condition evaluates to: 1.00
[eval_block] Processing node type: 10 at index 0
[debug] fact() called with n = -829.00
[Eval_IF evaluator] condition evaluates to: 1.00
[eval_block] Processing node type: 10 at index 0
[debug] fact() called with n = -830.00
[Eval_IF evaluator] condition evaluates to: 1.00
[eval_block] Processing node type: 10 at index 0
[debug] fact() called with n = -831.00
[Eval_IF evaluator] condition evaluates to: 1.00
[eval_block] Processing node type: 10 at index 0
[debug] fact() called with n = -832.00
[Eval_IF evaluator] condition evaluates to: 1.00
[eval_block] Processing node type: 10 at index 0
[debug] fact() called with n = -833.00
[Eval_IF evaluator] condition evaluates to: 1.00
[eval_block] Processing node type: 10 at index 0
[debug] fact() called with n = -834.00
[Eval_IF evaluator] condition evaluates to: 1.00
[eval_block] Processing node type: 10 at index 0
[debug] fact() called with n = -835.00
[Eval_IF evaluator] condition evaluates to: 1.00
[eval_block] Processing node type: 10 at index 0
[debug] fact() called with n = -836.00
[Eval_IF evaluator] condition evaluates to: 1.00
[eval_block] Processing node type: 10 at index 0
[debug] fact() called with n = -837.00
[Eval_IF evaluator] condition evaluates to: 1.00
[eval_block] Processing node type: 10 at index 0
[debug] fact() called with n = -838.00
[Eval_IF evaluator] condition evaluates to: 1.00
[eval_block] Processing node type: 10 at index 0
[debug] fact() called with n = -839.00
[Eval_IF evaluator] condition evaluates to: 1.00
[eval_block] Processing node type: 10 at index 0
[debug] fact() called with n = -840.00
[Eval_IF evaluator] condition evaluates to: 1.00
[eval_block] Processing node type: 10 at index 0
[debug] fact() called with n = -841.00
[Eval_IF evaluator] condition evaluates to: 1.00
[eval_block] Processing node type: 10 at index 0
[debug] fact() called with n = -842.00
[Eval_IF evaluator] condition evaluates to: 1.00
[eval_block] Processing node type: 10 at index 0
[debug] fact() called with n = -843.00
[Eval_IF evaluator] condition evaluates to: 1.00
[eval_block] Processing node type: 10 at index 0
[debug] fact() called with n = -844.00
[Eval_IF evaluator] condition evaluates to: 1.00
[eval_block] Processing node type: 10 at index 0
[debug] fact() called with n = -845.00
[Eval_IF evaluator] condition evaluates to: 1.00
[eval_block] Processing node type: 10 at index 0
[debug] fact() called with n = -846.00
[Eval_IF evaluator] condition evaluates to: 1.00
[eval_block] Processing node type: 10 at index 0
[debug] fact() called with n = -847.00
[Eval_IF evaluator] condition evaluates to: 1.00
[eval_block] Processing node type: 10 at index 0
[debug] fact() called with n = -848.00
[Eval_IF evaluator] condition evaluates to: 1.00
[eval_block] Processing node type: 10 at index 0
[debug] fact() called with n = -849.00
[Eval_IF evaluator] condition evaluates to: 1.00
[eval_block] Processing node type: 10 at index 0
[debug] fact() called with n = -850.00
[Eval_IF evaluator] condition evaluates to: 1.00
[eval_block] Processing node type: 10 at index 0
[debug] fact() called with n = -851.00
[Eval_IF evaluator] condition evaluates to: 1.00
[eval_block] Processing node type: 10 at index 0
[debug] fact() called with n = -852.00
[Eval_IF evaluator] condition evaluates to: 1.00
[eval_block] Processing node type: 10 at index 0
[debug] fact() called with n = -853.00
[Eval_IF evaluator] condition evaluates to: 1.00
[eval_block] Processing node type: 10 at index 0
[debug] fact() called with n = -854.00
[Eval_IF evaluator] condition evaluates to: 1.00
[eval_block] Processing node type: 10 at index 0
[debug] fact() called with n = -855.00
[Eval_IF evaluator] condition evaluates to: 1.00
[eval_block] Processing node type: 10 at index 0
[debug] fact() called with n = -856.00
[Eval_IF evaluator] condition evaluates to: 1.00
[eval_block] Processing node type: 10 at index 0
[debug] fact() called with n = -857.00
[Eval_IF evaluator] condition evaluates to: 1.00
[eval_block] Processing node type: 10 at index 0
[debug] fact() called with n = -858.00
[Eval_IF evaluator] condition evaluates to: 1.00
[eval_block] Processing node type: 10 at index 0
[debug] fact() called with n = -859.00
[Eval_IF evaluator] condition evaluates to: 1.00
[eval_block] Processing node type: 10 at index 0
[debug] fact() called with n = -860.00
[Eval_IF evaluator] condition evaluates to: 1.00
[eval_block] Processing node type: 10 at index 0
[debug] fact() called with n = -861.00
[Eval_IF evaluator] condition evaluates to: 1.00
[eval_block] Processing node type: 10 at index 0
[debug] fact() called with n = -862.00
[Eval_IF evaluator] condition evaluates to: 1.00
[eval_block] Processing node type: 10 at index 0
[debug] fact() called with n = -863.00
[Eval_IF evaluator] condition evaluates to: 1.00
[eval_block] Processing node type: 10 at index 0
[debug] fact() called with n = -864.00
[Eval_IF evaluator] condition evaluates to: 1.00
[eval_block] Processing node type: 10 at index 0
[debug] fact() called with n = -865.00
[Eval_IF evaluator] condition evaluates to: 1.00
[eval_block] Processing node type: 10 at index 0
[debug] fact() called with n = -866.00
[Eval_IF evaluator] condition evaluates to: 1.00
[eval_block] Processing node type: 10 at index 0
[debug] fact() called with n = -867.00
[Eval_IF evaluator] condition evaluates to: 1.00
[eval_block] Processing node type: 10 at index 0
[debug] fact() called with n = -868.00
[Eval_IF evaluator] condition evaluates to: 1.00
[eval_block] Processing node type: 10 at index 0
[debug] fact() called with n = -869.00
[Eval_IF evaluator] condition evaluates to: 1.00
[eval_block] Processing node type: 10 at index 0
[debug] fact() called with n = -870.00
[Eval_IF evaluator] condition evaluates to: 1.00
[eval_block] Processing node type: 10 at index 0
[debug] fact() called with n = -871.00
[Eval_IF evaluator] condition evaluates to: 1.00
[eval_block] Processing node type: 10 at index 0
[debug] fact() called with n = -872.00
[Eval_IF evaluator] condition evaluates to: 1.00
[eval_block] Processing node type: 10 at index 0
[debug] fact() called with n = -873.00
[Eval_IF evaluator] condition evaluates to: 1.00
[eval_block] Processing node type: 10 at index 0
[debug] fact() called with n = -874.00
[Eval_IF evaluator] condition evaluates to: 1.00
[eval_block] Processing node type: 10 at index 0
[debug] fact() called with n = -875.00
[Eval_IF evaluator] condition evaluates to: 1.00
[eval_block] Processing node type: 10 at index 0
[debug] fact() called with n = -876.00
[Eval_IF evaluator] condition evaluates to: 1.00
[eval_block] Processing node type: 10 at index 0
[debug] fact() called with n = -877.00
[Eval_IF evaluator] condition evaluates to: 1.00
[eval_block] Processing node type: 10 at index 0
[debug] fact() called with n = -878.00
[Eval_IF evaluator] condition evaluates to: 1.00
[eval_block] Processing node type: 10 at index 0
[debug] fact() called with n = -879.00
[Eval_IF evaluator] condition evaluates to: 1.00
[eval_block] Processing node type: 10 at index 0
[debug] fact() called with n = -880.00
[Eval_IF evaluator] condition evaluates to: 1.00
[eval_block] Processing node type: 10 at index 0
[debug] fact() called with n = -881.00
[Eval_IF evaluator] condition evaluates to: 1.00
[eval_block] Processing node type: 10 at index 0
[debug] fact() called with n = -882.00
[Eval_IF evaluator] condition evaluates to: 1.00
[eval_block] Processing node type: 10 at index 0
[debug] fact() called with n = -883.00
[Eval_IF evaluator] condition evaluates to: 1.00
[eval_block] Processing node type: 10 at index 0
[debug] fact() called with n = -884.00
[Eval_IF evaluator] condition evaluates to: 1.00
[eval_block] Processing node type: 10 at index 0
[debug] fact() called with n = -885.00
[Eval_IF evaluator] condition evaluates to: 1.00
[eval_block] Processing node type: 10 at index 0
[debug] fact() called with n = -886.00
[Eval_IF evaluator] condition evaluates to: 1.00
[eval_block] Processing node type: 10 at index 0
[debug] fact() called with n = -887.00
[Eval_IF evaluator] condition evaluates to: 1.00
[eval_block] Processing node type: 10 at index 0
[debug] fact() called with n = -888.00
[Eval_IF evaluator] condition evaluates to: 1.00
[eval_block] Processing node type: 10 at index 0
[debug] fact() called with n = -889.00
[Eval_IF evaluator] condition evaluates to: 1.00
[eval_block] Processing node type: 10 at index 0
[debug] fact() called with n = -890.00
[Eval_IF evaluator] condition evaluates to: 1.00
[eval_block] Processing node type: 10 at index 0
[debug] fact() called with n = -891.00
[Eval_IF evaluator] condition evaluates to: 1.00
[eval_block] Processing node type: 10 at index 0
[debug] fact() called with n = -892.00
[Eval_IF evaluator] condition evaluates to: 1.00
[eval_block] Processing node type: 10 at index 0
[debug] fact() called with n = -893.00
[Eval_IF evaluator] condition evaluates to: 1.00
[eval_block] Processing node type: 10 at index 0
[debug] fact() called with n = -894.00
[Eval_IF evaluator] condition evaluates to: 1.00
[eval_block] Processing node type: 10 at index 0
[debug] fact() called with n = -895.00
[Eval_IF evaluator] condition evaluates to: 1.00
[eval_block] Processing node type: 10 at index 0
[debug] fact() called with n = -896.00
[Eval_IF evaluator] condition evaluates to: 1.00
[eval_block] Processing node type: 10 at index 0
[debug] fact() called with n = -897.00
[Eval_IF evaluator] condition evaluates to: 1.00
[eval_block] Processing node type: 10 at index 0
[debug] fact() called with n = -898.00
[Eval_IF evaluator] condition evaluates to: 1.00
[eval_block] Processing node type: 10 at index 0
[debug] fact() called with n = -899.00
[Eval_IF evaluator] condition evaluates to: 1.00
[eval_block] Processing node type: 10 at index 0
[debug] fact() called with n = -900.00
[Eval_IF evaluator] condition evaluates to: 1.00
[eval_block] Processing node type: 10 at index 0
[debug] fact() called with n = -901.00
[Eval_IF evaluator] condition evaluates to: 1.00
[eval_block] Processing node type: 10 at index 0
[debug] fact() called with n = -902.00
[Eval_IF evaluator] condition evaluates to: 1.00
[eval_block] Processing node type: 10 at index 0
[debug] fact() called with n = -903.00
[Eval_IF evaluator] condition evaluates to: 1.00
[eval_block] Processing node type: 10 at index 0
[debug] fact() called with n = -904.00
[Eval_IF evaluator] condition evaluates to: 1.00
[eval_block] Processing node type: 10 at index 0
[debug] fact() called with n = -905.00
[Eval_IF evaluator] condition evaluates to: 1.00
[eval_block] Processing node type: 10 at index 0
[debug] fact() called with n = -906.00
[Eval_IF evaluator] condition evaluates to: 1.00
[eval_block] Processing node type: 10 at index 0
[debug] fact() called with n = -907.00
[Eval_IF evaluator] condition evaluates to: 1.00
[eval_block] Processing node type: 10 at index 0
[debug] fact() called with n = -908.00
[Eval_IF evaluator] condition evaluates to: 1.00
[eval_block] Processing node type: 10 at index 0
[debug] fact() called with n = -909.00
[Eval_IF evaluator] condition evaluates to: 1.00
[eval_block] Processing node type: 10 at index 0
[debug] fact() called with n = -910.00
[Eval_IF evaluator] condition evaluates to: 1.00
[eval_block] Processing node type: 10 at index 0
[debug] fact() called with n = -911.00
[Eval_IF evaluator] condition evaluates to: 1.00
[eval_block] Processing node type: 10 at index 0
[debug] fact() called with n = -912.00
[Eval_IF evaluator] condition evaluates to: 1.00
[eval_block] Processing node type: 10 at index 0
[debug] fact() called with n = -913.00
[Eval_IF evaluator] condition evaluates to: 1.00
[eval_block] Processing node type: 10 at index 0
[debug] fact() called with n = -914.00
[Eval_IF evaluator] condition evaluates to: 1.00
[eval_block] Processing node type: 10 at index 0
[debug] fact() called with n = -915.00
[Eval_IF evaluator] condition evaluates to: 1.00
[eval_block] Processing node type: 10 at index 0
[debug] fact() called with n = -916.00
[Eval_IF evaluator] condition evaluates to: 1.00
[eval_block] Processing node type: 10 at index 0
[debug] fact() called with n = -917.00
[Eval_IF evaluator] condition evaluates to: 1.00
[eval_block] Processing node type: 10 at index 0
[debug] fact() called with n = -918.00
[Eval_IF evaluator] condition evaluates to: 1.00
[eval_block] Processing node type: 10 at index 0
[debug] fact() called with n = -919.00
[Eval_IF evaluator] condition evaluates to: 1.00
[eval_block] Processing node type: 10 at index 0
[debug] fact() called with n = -920.00
[Eval_IF evaluator] condition evaluates to: 1.00
[eval_block] Processing node type: 10 at index 0
[debug] fact() called with n = -921.00
[Eval_IF evaluator] condition evaluates to: 1.00
[eval_block] Processing node type: 10 at index 0
[debug] fact() called with n = -922.00
[Eval_IF evaluator] condition evaluates to: 1.00
[eval_block] Processing node type: 10 at index 0
[debug] fact() called with n = -923.00
[Eval_IF evaluator] condition evaluates to: 1.00
[eval_block] Processing node type: 10 at index 0
[debug] fact() called with n = -924.00
[Eval_IF evaluator] condition evaluates to: 1.00
[eval_block] Processing node type: 10 at index 0
[debug] fact() called with n = -925.00
[Eval_IF evaluator] condition evaluates to: 1.00
[eval_block] Processing node type: 10 at index 0
[debug] fact() called with n = -926.00
[Eval_IF evaluator] condition evaluates to: 1.00
[eval_block] Processing node type: 10 at index 0
[debug] fact() called with n = -927.00
[Eval_IF evaluator] condition evaluates to: 1.00
[eval_block] Processing node type: 10 at index 0
[debug] fact() called with n = -928.00
[Eval_IF evaluator] condition evaluates to: 1.00
[eval_block] Processing node type: 10 at index 0
[debug] fact() called with n = -929.00
[Eval_IF evaluator] condition evaluates to: 1.00
[eval_block] Processing node type: 10 at index 0
[debug] fact() called with n = -930.00
[Eval_IF evaluator] condition evaluates to: 1.00
[eval_block] Processing node type: 10 at index 0
[debug] fact() called with n = -931.00
[Eval_IF evaluator] condition evaluates to: 1.00
[eval_block] Processing node type: 10 at index 0
[debug] fact() called with n = -932.00
[Eval_IF evaluator] condition evaluates to: 1.00
[eval_block] Processing node type: 10 at index 0
[debug] fact() called with n = -933.00
[Eval_IF evaluator] condition evaluates to: 1.00
[eval_block] Processing node type: 10 at index 0
[debug] fact() called with n = -934.00
[Eval_IF evaluator] condition evaluates to: 1.00
[eval_block] Processing node type: 10 at index 0
[debug] fact() called with n = -935.00
[Eval_IF evaluator] condition evaluates to: 1.00
[eval_block] Processing node type: 10 at index 0
[debug] fact() called with n = -936.00
[Eval_IF evaluator] condition evaluates to: 1.00
[eval_block] Processing node type: 10 at index 0
[debug] fact() called with n = -937.00
[Eval_IF evaluator] condition evaluates to: 1.00
[eval_block] Processing node type: 10 at index 0
[debug] fact() called with n = -938.00
[Eval_IF evaluator] condition evaluates to: 1.00
[eval_block] Processing node type: 10 at index 0
[debug] fact() called with n = -939.00
[Eval_IF evaluator] condition evaluates to: 1.00
[eval_block] Processing node type: 10 at index 0
[debug] fact() called with n = -940.00
[Eval_IF evaluator] condition evaluates to: 1.00
[eval_block] Processing node type: 10 at index 0
[debug] fact() called with n = -941.00
[Eval_IF evaluator] condition evaluates to: 1.00
[eval_block] Processing node type: 10 at index 0
[debug] fact() called with n = -942.00
[Eval_IF evaluator] condition evaluates to: 1.00
[eval_block] Processing node type: 10 at index 0
[debug] fact() called with n = -943.00
[Eval_IF evaluator] condition evaluates to: 1.00
[eval_block] Processing node type: 10 at index 0
[debug] fact() called with n = -944.00
[Eval_IF evaluator] condition evaluates to: 1.00
[eval_block] Processing node type: 10 at index 0
[debug] fact() called with n = -945.00
[Eval_IF evaluator] condition evaluates to: 1.00
[eval_block] Processing node type: 10 at index 0
[debug] fact() called with n = -946.00
[Eval_IF evaluator] condition evaluates to: 1.00
[eval_block] Processing node type: 10 at index 0
[debug] fact() called with n = -947.00
[Eval_IF evaluator] condition evaluates to: 1.00
[eval_block] Processing node type: 10 at index 0
[debug] fact() called with n = -948.00
[Eval_IF evaluator] condition evaluates to: 1.00
[eval_block] Processing node type: 10 at index 0
[debug] fact() called with n = -949.00
[Eval_IF evaluator] condition evaluates to: 1.00
[eval_block] Processing node type: 10 at index 0
[debug] fact() called with n = -950.00
[Eval_IF evaluator] condition evaluates to: 1.00
[eval_block] Processing node type: 10 at index 0
[debug] fact() called with n = -951.00
[Eval_IF evaluator] condition evaluates to: 1.00
[eval_block] Processing node type: 10 at index 0
[debug] fact() called with n = -952.00
[Eval_IF evaluator] condition evaluates to: 1.00
[eval_block] Processing node type: 10 at index 0
[debug] fact() called with n = -953.00
[Eval_IF evaluator] condition evaluates to: 1.00
[eval_block] Processing node type: 10 at index 0
[debug] fact() called with n = -954.00
[Eval_IF evaluator] condition evaluates to: 1.00
[eval_block] Processing node type: 10 at index 0
[debug] fact() called with n = -955.00
[Eval_IF evaluator] condition evaluates to: 1.00
[eval_block] Processing node type: 10 at index 0
[debug] fact() called with n = -956.00
[Eval_IF evaluator] condition evaluates to: 1.00
[eval_block] Processing node type: 10 at index 0
[debug] fact() called with n = -957.00
[Eval_IF evaluator] condition evaluates to: 1.00
[eval_block] Processing node type: 10 at index 0
[debug] fact() called with n = -958.00
[Eval_IF evaluator] condition evaluates to: 1.00
[eval_block] Processing node type: 10 at index 0
[debug] fact() called with n = -959.00
[Eval_IF evaluator] condition evaluates to: 1.00
[eval_block] Processing node type: 10 at index 0
[debug] fact() called with n = -960.00
[Eval_IF evaluator] condition evaluates to: 1.00
[eval_block] Processing node type: 10 at index 0
[debug] fact() called with n = -961.00
[Eval_IF evaluator] condition evaluates to: 1.00
[eval_block] Processing node type: 10 at index 0
[debug] fact() called with n = -962.00
[Eval_IF evaluator] condition evaluates to: 1.00
[eval_block] Processing node type: 10 at index 0
[debug] fact() called with n = -963.00
[Eval_IF evaluator] condition evaluates to: 1.00
[eval_block] Processing node type: 10 at index 0
[debug] fact() called with n = -964.00
[Eval_IF evaluator] condition evaluates to: 1.00
[eval_block] Processing node type: 10 at index 0
[debug] fact() called with n = -965.00
[Eval_IF evaluator] condition evaluates to: 1.00
[eval_block] Processing node type: 10 at index 0
[debug] fact() called with n = -966.00
[Eval_IF evaluator] condition evaluates to: 1.00
[eval_block] Processing node type: 10 at index 0
[debug] fact() called with n = -967.00
[Eval_IF evaluator] condition evaluates to: 1.00
[eval_block] Processing node type: 10 at index 0
[debug] fact() called with n = -968.00
[Eval_IF evaluator] condition evaluates to: 1.00
[eval_block] Processing node type: 10 at index 0
[debug] fact() called with n = -969.00
[Eval_IF evaluator] condition evaluates to: 1.00
[eval_block] Processing node type: 10 at index 0
[debug] fact() called with n = -970.00
[Eval_IF evaluator] condition evaluates to: 1.00
[eval_block] Processing node type: 10 at index 0
[debug] fact() called with n = -971.00
[Eval_IF evaluator] condition evaluates to: 1.00
[eval_block] Processing node type: 10 at index 0
[debug] fact() called with n = -972.00
[Eval_IF evaluator] condition evaluates to: 1.00
[eval_block] Processing node type: 10 at index 0
[debug] fact() called with n = -973.00
[Eval_IF evaluator] condition evaluates to: 1.00
[eval_block] Processing node type: 10 at index 0
[debug] fact() called with n = -974.00
[Eval_IF evaluator] condition evaluates to: 1.00
[eval_block] Processing node type: 10 at index 0
[debug] fact() called with n = -975.00
[Eval_IF evaluator] condition evaluates to: 1.00
[eval_block] Processing node type: 10 at index 0
[debug] fact() called with n = -976.00
[Eval_IF evaluator] condition evaluates to: 1.00
[eval_block] Processing node type: 10 at index 0
[debug] fact() called with n = -977.00
[Eval_IF evaluator] condition evaluates to: 1.00
[eval_block] Processing node type: 10 at index 0
[debug] fact() called with n = -978.00
[Eval_IF evaluator] condition evaluates to: 1.00
[eval_block] Processing node type: 10 at index 0
[debug] fact() called with n = -979.00
[Eval_IF evaluator] condition evaluates to: 1.00
[eval_block] Processing node type: 10 at index 0
[debug] fact() called with n = -980.00
[Eval_IF evaluator] condition evaluates to: 1.00
[eval_block] Processing node type: 10 at index 0
[debug] fact() called with n = -981.00
[Eval_IF evaluator] condition evaluates to: 1.00
[eval_block] Processing node type: 10 at index 0
[debug] fact() called with n = -982.00
[Eval_IF evaluator] condition evaluates to: 1.00
[eval_block] Processing node type: 10 at index 0
[debug] fact() called with n = -983.00
[Eval_IF evaluator] condition evaluates to: 1.00
[eval_block] Processing node type: 10 at index 0
[debug] fact() called with n = -984.00
[Eval_IF evaluator] condition evaluates to: 1.00
[eval_block] Processing node type: 10 at index 0
[debug] fact() called with n = -985.00
[Eval_IF evaluator] condition evaluates to: 1.00
[eval_block] Processing node type: 10 at index 0
[debug] fact() called with n = -986.00
[Eval_IF evaluator] condition evaluates to: 1.00
[eval_block] Processing node type: 10 at index 0
[debug] fact() called with n = -987.00
[Eval_IF evaluator] condition evaluates to: 1.00
[eval_block] Processing node type: 10 at index 0
[debug] fact() called with n = -988.00
[Eval_IF evaluator] condition evaluates to: 1.00
[eval_block] Processing node type: 10 at index 0
[debug] fact() called with n = -989.00
[Eval_IF evaluator] condition evaluates to: 1.00
[eval_block] Processing node type: 10 at index 0
[debug] fact() called with n = -990.00
[Eval_IF evaluator] condition evaluates to: 1.00
[eval_block] Processing node type: 10 at index 0
[debug] fact() called with n = -991.00
[Eval_IF evaluator] condition evaluates to: 1.00
[eval_block] Processing node type: 10 at index 0
[debug] fact() called with n = -992.00
[Eval_IF evaluator] condition evaluates to: 1.00
[eval_block] Processing node type: 10 at index 0
[debug] fact() called with n = -993.00
[Eval_IF evaluator] condition evaluates to: 1.00
[eval_block] Processing node type: 10 at index 0
[debug] fact() called with n = -994.00
[Eval_IF evaluator] condition evaluates to: 1.00
[eval_block] Processing node type: 10 at index 0
[debug] fact() called with n = -995.00
[Eval_IF evaluator] condition evaluates to: 1.00
[eval_block] Processing node type: 10 at index 0
[debug] fact() called with n = -996.00
[Eval_IF evaluator] condition evaluates to: 1.00
[eval_block] Processing node type: 10 at index 0
[debug] fact() called with n = -997.00
[Eval_IF evaluator] condition evaluates to: 1.00
[eval_block] Processing node type: 10 at index 0
[debug] fact() called with n = -998.00
[Eval_IF evaluator] condition evaluates to: 1.00
[eval_block] Processing node type: 10 at index 0
[debug] fact() called with n = -999.00
[Eval_IF evaluator] condition evaluates to: 1.00
[eval_block] Processing node type: 10 at index 0
[debug] fact() called with n = -1000.00
[Eval_IF evaluator] condition evaluates to: 1.00
[eval_block] Processing node type: 10 at index 0
[debug] fact() called with n = -1001.00
[Eval_IF evaluator] condition evaluates to: 1.00
[eval_block] Processing node type: 10 at index 0
[debug] fact() called with n = -1002.00
[Eval_IF evaluator] condition evaluates to: 1.00
[eval_block] Processing node type: 10 at index 0
[debug] fact() called with n = -1003.00
[Eval_IF evaluator] condition evaluates to: 1.00
[eval_block] Processing node type: 10 at index 0
[debug] fact() called with n = -1004.00
[Eval_IF evaluator] condition evaluates to: 1.00
[eval_block] Processing node type: 10 at index 0
[debug] fact() called with n = -1005.00
[Eval_IF evaluator] condition evaluates to: 1.00
[eval_block] Processing node type: 10 at index 0
[debug] fact() called with n = -1006.00
[Eval_IF evaluator] condition evaluates to: 1.00
[eval_block] Processing node type: 10 at index 0
[debug] fact() called with n = -1007.00
[Eval_IF evaluator] condition evaluates to: 1.00
[eval_block] Processing node type: 10 at index 0
[debug] fact() called with n = -1008.00
[Eval_IF evaluator] condition evaluates to: 1.00
[eval_block] Processing node type: 10 at index 0
[debug] fact() called with n = -1009.00
[Eval_IF evaluator] condition evaluates to: 1.00
[eval_block] Processing node type: 10 at index 0
[debug] fact() called with n = -1010.00
[Eval_IF evaluator] condition evaluates to: 1.00
[eval_block] Processing node type: 10 at index 0
[debug] fact() called with n = -1011.00
[Eval_IF evaluator] condition evaluates to: 1.00
[eval_block] Processing node type: 10 at index 0
[debug] fact() called with n = -1012.00
[Eval_IF evaluator] condition evaluates to: 1.00
[eval_block] Processing node type: 10 at index 0
[debug] fact() called with n = -1013.00
[Eval_IF evaluator] condition evaluates to: 1.00
[eval_block] Processing node type: 10 at index 0
[debug] fact() called with n = -1014.00
[Eval_IF evaluator] condition evaluates to: 1.00
[eval_block] Processing node type: 10 at index 0
[debug] fact() called with n = -1015.00
[Eval_IF evaluator] condition evaluates to: 1.00
[eval_block] Processing node type: 10 at index 0
[debug] fact() called with n = -1016.00
[Eval_IF evaluator] condition evaluates to: 1.00
[eval_block] Processing node type: 10 at index 0
[debug] fact() called with n = -1017.00
[Eval_IF evaluator] condition evaluates to: 1.00
[eval_block] Processing node type: 10 at index 0
[debug] fact() called with n = -1018.00
[Eval_IF evaluator] condition evaluates to: 1.00
[eval_block] Processing node type: 10 at index 0
[debug] fact() called with n = -1019.00
[Eval_IF evaluator] condition evaluates to: 1.00
[eval_block] Processing node type: 10 at index 0
[debug] fact() called with n = -1020.00
→ Summary for bin/test_emitter: 13 Pass, 4 Fail

